Component: ARM Compiler 5.06 update 6 (build 750) Tool: armlink [4d35ed]

==============================================================================

Section Cross References

    startup_stm32f103xb.o(RESET) refers to startup_stm32f103xb.o(STACK) for __initial_sp
    startup_stm32f103xb.o(RESET) refers to startup_stm32f103xb.o(.text) for Reset_Handler
    startup_stm32f103xb.o(RESET) refers to stm32f1xx_it.o(i.NMI_Handler) for NMI_Handler
    startup_stm32f103xb.o(RESET) refers to stm32f1xx_it.o(i.HardFault_Handler) for HardFault_Handler
    startup_stm32f103xb.o(RESET) refers to stm32f1xx_it.o(i.MemManage_Handler) for MemManage_Handler
    startup_stm32f103xb.o(RESET) refers to stm32f1xx_it.o(i.BusFault_Handler) for BusFault_Handler
    startup_stm32f103xb.o(RESET) refers to stm32f1xx_it.o(i.UsageFault_Handler) for UsageFault_Handler
    startup_stm32f103xb.o(RESET) refers to stm32f1xx_it.o(i.SVC_Handler) for SVC_Handler
    startup_stm32f103xb.o(RESET) refers to stm32f1xx_it.o(i.DebugMon_Handler) for DebugMon_Handler
    startup_stm32f103xb.o(RESET) refers to stm32f1xx_it.o(i.PendSV_Handler) for PendSV_Handler
    startup_stm32f103xb.o(RESET) refers to stm32f1xx_it.o(i.SysTick_Handler) for SysTick_Handler
    startup_stm32f103xb.o(RESET) refers to stm32f1xx_it.o(i.TIM1_UP_IRQHandler) for TIM1_UP_IRQHandler
    startup_stm32f103xb.o(RESET) refers to stm32f1xx_it.o(i.USART1_IRQHandler) for USART1_IRQHandler
    startup_stm32f103xb.o(RESET) refers to stm32f1xx_it.o(i.USART3_IRQHandler) for USART3_IRQHandler
    startup_stm32f103xb.o(.text) refers to system_stm32f1xx.o(i.SystemInit) for SystemInit
    startup_stm32f103xb.o(.text) refers to entry.o(.ARM.Collect$$$$00000000) for __main
    main.o(i.Init_klapans) refers to stm32f1xx_hal_gpio.o(i.HAL_GPIO_WritePin) for HAL_GPIO_WritePin
    main.o(i.Init_klapans) refers to stm32f1xx_hal_gpio.o(i.HAL_GPIO_Init) for HAL_GPIO_Init
    main.o(i.MATH_Go_to_ESP) refers to dfltui.o(.text) for __aeabi_ui2d
    main.o(i.MATH_Go_to_ESP) refers to dmul.o(.text) for __aeabi_dmul
    main.o(i.MATH_Go_to_ESP) refers to ddiv.o(.text) for __aeabi_ddiv
    main.o(i.MATH_Go_to_ESP) refers to printfa.o(i.__0sprintf) for __2sprintf
    main.o(i.MATH_Go_to_ESP) refers to strlen.o(.text) for strlen
    main.o(i.MATH_Go_to_ESP) refers to stm32f1xx_hal_uart.o(i.HAL_UART_Transmit) for HAL_UART_Transmit
    main.o(i.MATH_Go_to_ESP) refers to main.o(.data) for temp1
    main.o(i.MATH_Go_to_ESP) refers to main.o(.bss) for message_to_esp
    main.o(i.MX_GPIO_Init) refers to stm32f1xx_hal_gpio.o(i.HAL_GPIO_WritePin) for HAL_GPIO_WritePin
    main.o(i.MX_GPIO_Init) refers to stm32f1xx_hal_gpio.o(i.HAL_GPIO_Init) for HAL_GPIO_Init
    main.o(i.MX_TIM1_Init) refers to stm32f1xx_hal_tim.o(i.HAL_TIM_Base_Init) for HAL_TIM_Base_Init
    main.o(i.MX_TIM1_Init) refers to main.o(i._Error_Handler) for _Error_Handler
    main.o(i.MX_TIM1_Init) refers to stm32f1xx_hal_tim.o(i.HAL_TIM_ConfigClockSource) for HAL_TIM_ConfigClockSource
    main.o(i.MX_TIM1_Init) refers to stm32f1xx_hal_tim_ex.o(i.HAL_TIMEx_MasterConfigSynchronization) for HAL_TIMEx_MasterConfigSynchronization
    main.o(i.MX_TIM1_Init) refers to main.o(.bss) for htim1
    main.o(i.MX_USART1_UART_Init) refers to stm32f1xx_hal_uart.o(i.HAL_UART_Init) for HAL_UART_Init
    main.o(i.MX_USART1_UART_Init) refers to main.o(i._Error_Handler) for _Error_Handler
    main.o(i.MX_USART1_UART_Init) refers to main.o(.bss) for huart1
    main.o(i.MX_USART3_UART_Init) refers to stm32f1xx_hal_uart.o(i.HAL_UART_Init) for HAL_UART_Init
    main.o(i.MX_USART3_UART_Init) refers to main.o(i._Error_Handler) for _Error_Handler
    main.o(i.MX_USART3_UART_Init) refers to main.o(.bss) for huart3
    main.o(i.Parser) refers to main.o(i.zero_down_system) for zero_down_system
    main.o(i.Parser) refers to stm32f1xx_hal_uart.o(i.HAL_UART_Transmit) for HAL_UART_Transmit
    main.o(i.Parser) refers to main.o(i.all_zeroes) for all_zeroes
    main.o(i.Parser) refers to main.o(i.take_klapan) for take_klapan
    main.o(i.Parser) refers to main.o(.bss) for command_from_host_now
    main.o(i.Parser) refers to main.o(.data) for stage_of_process
    main.o(i.SystemClock_Config) refers to stm32f1xx_hal_rcc.o(i.HAL_RCC_OscConfig) for HAL_RCC_OscConfig
    main.o(i.SystemClock_Config) refers to main.o(i._Error_Handler) for _Error_Handler
    main.o(i.SystemClock_Config) refers to stm32f1xx_hal_rcc.o(i.HAL_RCC_ClockConfig) for HAL_RCC_ClockConfig
    main.o(i.SystemClock_Config) refers to stm32f1xx_hal_rcc.o(i.HAL_RCC_GetHCLKFreq) for HAL_RCC_GetHCLKFreq
    main.o(i.SystemClock_Config) refers to stm32f1xx_hal_cortex.o(i.HAL_SYSTICK_Config) for HAL_SYSTICK_Config
    main.o(i.SystemClock_Config) refers to stm32f1xx_hal_cortex.o(i.HAL_SYSTICK_CLKSourceConfig) for HAL_SYSTICK_CLKSourceConfig
    main.o(i.SystemClock_Config) refers to stm32f1xx_hal_cortex.o(i.HAL_NVIC_SetPriority) for HAL_NVIC_SetPriority
[...]
    Removing stm32f1xx_hal_tim.o(i.HAL_TIM_Encoder_MspDeInit), (2 bytes).
    Removing stm32f1xx_hal_tim.o(i.HAL_TIM_Encoder_MspInit), (2 bytes).
    Removing stm32f1xx_hal_tim.o(i.HAL_TIM_Encoder_Start), (78 bytes).
    Removing stm32f1xx_hal_tim.o(i.HAL_TIM_Encoder_Start_DMA), (328 bytes).
    Removing stm32f1xx_hal_tim.o(i.HAL_TIM_Encoder_Start_IT), (126 bytes).
    Removing stm32f1xx_hal_tim.o(i.HAL_TIM_Encoder_Stop), (104 bytes).
    Removing stm32f1xx_hal_tim.o(i.HAL_TIM_Encoder_Stop_DMA), (152 bytes).
    Removing stm32f1xx_hal_tim.o(i.HAL_TIM_Encoder_Stop_IT), (152 bytes).
    Removing stm32f1xx_hal_tim.o(i.HAL_TIM_ErrorCallback), (2 bytes).
    Removing stm32f1xx_hal_tim.o(i.HAL_TIM_GenerateEvent), (54 bytes).
    Removing stm32f1xx_hal_tim.o(i.HAL_TIM_IC_ConfigChannel), (224 bytes).
    Removing stm32f1xx_hal_tim.o(i.HAL_TIM_IC_DeInit), (70 bytes).
    Removing stm32f1xx_hal_tim.o(i.HAL_TIM_IC_GetState), (8 bytes).
    Removing stm32f1xx_hal_tim.o(i.HAL_TIM_IC_Init), (52 bytes).
    Removing stm32f1xx_hal_tim.o(i.HAL_TIM_IC_MspDeInit), (2 bytes).
    Removing stm32f1xx_hal_tim.o(i.HAL_TIM_IC_MspInit), (2 bytes).
    Removing stm32f1xx_hal_tim.o(i.HAL_TIM_IC_Start), (32 bytes).
    Removing stm32f1xx_hal_tim.o(i.HAL_TIM_IC_Start_DMA), (268 bytes).
    Removing stm32f1xx_hal_tim.o(i.HAL_TIM_IC_Start_IT), (108 bytes).
    Removing stm32f1xx_hal_tim.o(i.HAL_TIM_IC_Stop), (58 bytes).
    Removing stm32f1xx_hal_tim.o(i.HAL_TIM_IC_Stop_DMA), (140 bytes).
    Removing stm32f1xx_hal_tim.o(i.HAL_TIM_IC_Stop_IT), (134 bytes).
    Removing stm32f1xx_hal_tim.o(i.HAL_TIM_OC_ConfigChannel), (116 bytes).
    Removing stm32f1xx_hal_tim.o(i.HAL_TIM_OC_DeInit), (70 bytes).
    Removing stm32f1xx_hal_tim.o(i.HAL_TIM_OC_GetState), (8 bytes).
    Removing stm32f1xx_hal_tim.o(i.HAL_TIM_OC_Init), (52 bytes).
    Removing stm32f1xx_hal_tim.o(i.HAL_TIM_OC_MspDeInit), (2 bytes).
    Removing stm32f1xx_hal_tim.o(i.HAL_TIM_OC_MspInit), (2 bytes).
    Removing stm32f1xx_hal_tim.o(i.HAL_TIM_OC_Start), (64 bytes).
    Removing stm32f1xx_hal_tim.o(i.HAL_TIM_OC_Start_DMA), (300 bytes).
    Removing stm32f1xx_hal_tim.o(i.HAL_TIM_OC_Start_IT), (140 bytes).
    Removing stm32f1xx_hal_tim.o(i.HAL_TIM_OC_Stop), (116 bytes).
    Removing stm32f1xx_hal_tim.o(i.HAL_TIM_OC_Stop_DMA), (200 bytes).
    Removing stm32f1xx_hal_tim.o(i.HAL_TIM_OC_Stop_IT), (192 bytes).
    Removing stm32f1xx_hal_tim.o(i.HAL_TIM_OnePulse_ConfigChannel), (286 bytes).
    Removing stm32f1xx_hal_tim.o(i.HAL_TIM_OnePulse_DeInit), (70 bytes).
    Removing stm32f1xx_hal_tim.o(i.HAL_TIM_OnePulse_GetState), (8 bytes).
    Removing stm32f1xx_hal_tim.o(i.HAL_TIM_OnePulse_Init), (76 bytes).
    Removing stm32f1xx_hal_tim.o(i.HAL_TIM_OnePulse_MspDeInit), (2 bytes).
    Removing stm32f1xx_hal_tim.o(i.HAL_TIM_OnePulse_MspInit), (2 bytes).
    Removing stm32f1xx_hal_tim.o(i.HAL_TIM_OnePulse_Start), (64 bytes).
    Removing stm32f1xx_hal_tim.o(i.HAL_TIM_OnePulse_Start_IT), (88 bytes).
    Removing stm32f1xx_hal_tim.o(i.HAL_TIM_OnePulse_Stop), (128 bytes).
    Removing stm32f1xx_hal_tim.o(i.HAL_TIM_OnePulse_Stop_IT), (152 bytes).
    Removing stm32f1xx_hal_tim.o(i.HAL_TIM_PWM_ConfigChannel), (264 bytes).
    Removing stm32f1xx_hal_tim.o(i.HAL_TIM_PWM_DeInit), (70 bytes).
    Removing stm32f1xx_hal_tim.o(i.HAL_TIM_PWM_GetState), (8 bytes).
    Removing stm32f1xx_hal_tim.o(i.HAL_TIM_PWM_Init), (52 bytes).
    Removing stm32f1xx_hal_tim.o(i.HAL_TIM_PWM_MspDeInit), (2 bytes).
    Removing stm32f1xx_hal_tim.o(i.HAL_TIM_PWM_MspInit), (2 bytes).
    Removing stm32f1xx_hal_tim.o(i.HAL_TIM_PWM_Start), (64 bytes).
    Removing stm32f1xx_hal_tim.o(i.HAL_TIM_PWM_Start_DMA), (300 bytes).
    Removing stm32f1xx_hal_tim.o(i.HAL_TIM_PWM_Start_IT), (140 bytes).
    Removing stm32f1xx_hal_tim.o(i.HAL_TIM_PWM_Stop), (124 bytes).
    Removing stm32f1xx_hal_tim.o(i.HAL_TIM_PWM_Stop_DMA), (200 bytes).
    Removing stm32f1xx_hal_tim.o(i.HAL_TIM_PWM_Stop_IT), (192 bytes).
    Removing stm32f1xx_hal_tim.o(i.HAL_TIM_ReadCapturedValue), (84 bytes).
    Removing stm32f1xx_hal_tim.o(i.HAL_TIM_SlaveConfigSynchronization), (86 bytes).
    Removing stm32f1xx_hal_tim.o(i.HAL_TIM_SlaveConfigSynchronization_IT), (86 bytes).
    Removing stm32f1xx_hal_tim.o(i.TIM_CCxChannelCmd), (28 bytes).
    Removing stm32f1xx_hal_tim.o(i.TIM_DMACaptureCplt), (70 bytes).
    Removing stm32f1xx_hal_tim.o(i.TIM_DMADelayPulseCplt), (70 bytes).
    Removing stm32f1xx_hal_tim.o(i.TIM_DMAError), (20 bytes).
    Removing stm32f1xx_hal_tim.o(i.TIM_DMAPeriodElapsedCplt), (20 bytes).
    Removing stm32f1xx_hal_tim.o(i.TIM_DMATriggerCplt), (20 bytes).
    Removing stm32f1xx_hal_tim.o(i.TIM_OC1_SetConfig), (100 bytes).
    Removing stm32f1xx_hal_tim.o(i.TIM_OC2_SetConfig), (112 bytes).
    Removing stm32f1xx_hal_tim.o(i.TIM_OC3_SetConfig), (108 bytes).
    Removing stm32f1xx_hal_tim.o(i.TIM_OC4_SetConfig), (80 bytes).
    Removing stm32f1xx_hal_tim.o(i.TIM_SlaveTimer_SetConfig), (164 bytes).
    Removing stm32f1xx_hal_tim.o(i.TIM_TI1_SetConfig), (108 bytes).
    Removing stm32f1xx_hal_tim.o(i.TIM_TI2_SetConfig), (62 bytes).
    Removing stm32f1xx_hal_tim.o(i.TIM_TI3_SetConfig), (60 bytes).
    Removing stm32f1xx_hal_tim.o(i.TIM_TI4_SetConfig), (64 bytes).
    Removing stm32f1xx_hal_tim_ex.o(.rev16_text), (4 bytes).
    Removing stm32f1xx_hal_tim_ex.o(.revsh_text), (4 bytes).
    Removing stm32f1xx_hal_tim_ex.o(.rrx_text), (6 bytes).
    Removing stm32f1xx_hal_tim_ex.o(i.HAL_TIMEx_ConfigBreakDeadTime), (126 bytes).
    Removing stm32f1xx_hal_tim_ex.o(i.HAL_TIMEx_ConfigCommutationEvent), (110 bytes).
    Removing stm32f1xx_hal_tim_ex.o(i.HAL_TIMEx_ConfigCommutationEvent_DMA), (144 bytes).
    Removing stm32f1xx_hal_tim_ex.o(i.HAL_TIMEx_ConfigCommutationEvent_IT), (122 bytes).
    Removing stm32f1xx_hal_tim_ex.o(i.HAL_TIMEx_HallSensor_DeInit), (70 bytes).
    Removing stm32f1xx_hal_tim_ex.o(i.HAL_TIMEx_HallSensor_GetState), (8 bytes).
    Removing stm32f1xx_hal_tim_ex.o(i.HAL_TIMEx_HallSensor_Init), (208 bytes).
    Removing stm32f1xx_hal_tim_ex.o(i.HAL_TIMEx_HallSensor_MspDeInit), (2 bytes).
    Removing stm32f1xx_hal_tim_ex.o(i.HAL_TIMEx_HallSensor_MspInit), (2 bytes).
    Removing stm32f1xx_hal_tim_ex.o(i.HAL_TIMEx_HallSensor_Start), (30 bytes).
    Removing stm32f1xx_hal_tim_ex.o(i.HAL_TIMEx_HallSensor_Start_DMA), (112 bytes).
    Removing stm32f1xx_hal_tim_ex.o(i.HAL_TIMEx_HallSensor_Start_IT), (42 bytes).
    Removing stm32f1xx_hal_tim_ex.o(i.HAL_TIMEx_HallSensor_Stop), (56 bytes).
    Removing stm32f1xx_hal_tim_ex.o(i.HAL_TIMEx_HallSensor_Stop_DMA), (68 bytes).
    Removing stm32f1xx_hal_tim_ex.o(i.HAL_TIMEx_HallSensor_Stop_IT), (68 bytes).
    Removing stm32f1xx_hal_tim_ex.o(i.HAL_TIMEx_OCN_Start), (44 bytes).
    Removing stm32f1xx_hal_tim_ex.o(i.HAL_TIMEx_OCN_Start_DMA), (232 bytes).
    Removing stm32f1xx_hal_tim_ex.o(i.HAL_TIMEx_OCN_Start_IT), (114 bytes).
    Removing stm32f1xx_hal_tim_ex.o(i.HAL_TIMEx_OCN_Stop), (96 bytes).
    Removing stm32f1xx_hal_tim_ex.o(i.HAL_TIMEx_OCN_Stop_DMA), (160 bytes).
    Removing stm32f1xx_hal_tim_ex.o(i.HAL_TIMEx_OCN_Stop_IT), (180 bytes).
    Removing stm32f1xx_hal_tim_ex.o(i.HAL_TIMEx_OnePulseN_Start), (32 bytes).
    Removing stm32f1xx_hal_tim_ex.o(i.HAL_TIMEx_OnePulseN_Start_IT), (56 bytes).
    Removing stm32f1xx_hal_tim_ex.o(i.HAL_TIMEx_OnePulseN_Stop), (96 bytes).
    Removing stm32f1xx_hal_tim_ex.o(i.HAL_TIMEx_OnePulseN_Stop_IT), (120 bytes).
    Removing stm32f1xx_hal_tim_ex.o(i.HAL_TIMEx_PWMN_Start), (44 bytes).
    Removing stm32f1xx_hal_tim_ex.o(i.HAL_TIMEx_PWMN_Start_DMA), (232 bytes).
    Removing stm32f1xx_hal_tim_ex.o(i.HAL_TIMEx_PWMN_Start_IT), (114 bytes).
    Removing stm32f1xx_hal_tim_ex.o(i.HAL_TIMEx_PWMN_Stop), (96 bytes).
    Removing stm32f1xx_hal_tim_ex.o(i.HAL_TIMEx_PWMN_Stop_DMA), (160 bytes).
    Removing stm32f1xx_hal_tim_ex.o(i.HAL_TIMEx_PWMN_Stop_IT), (180 bytes).
    Removing stm32f1xx_hal_tim_ex.o(i.TIMEx_DMACommutationCplt), (20 bytes).
    Removing stm32f1xx_hal_tim_ex.o(i.TIM_CCxNChannelCmd), (28 bytes).
    Removing stm32f1xx_hal_uart.o(.rev16_text), (4 bytes).
    Removing stm32f1xx_hal_uart.o(.revsh_text), (4 bytes).
    Removing stm32f1xx_hal_uart.o(.rrx_text), (6 bytes).
    Removing stm32f1xx_hal_uart.o(i.HAL_HalfDuplex_EnableReceiver), (68 bytes).
    Removing stm32f1xx_hal_uart.o(i.HAL_HalfDuplex_EnableTransmitter), (68 bytes).
    Removing stm32f1xx_hal_uart.o(i.HAL_HalfDuplex_Init), (118 bytes).
    Removing stm32f1xx_hal_uart.o(i.HAL_LIN_Init), (134 bytes).
    Removing stm32f1xx_hal_uart.o(i.HAL_LIN_SendBreak), (62 bytes).
    Removing stm32f1xx_hal_uart.o(i.HAL_MultiProcessor_EnterMuteMode), (62 bytes).
    Removing stm32f1xx_hal_uart.o(i.HAL_MultiProcessor_ExitMuteMode), (62 bytes).
    Removing stm32f1xx_hal_uart.o(i.HAL_MultiProcessor_Init), (138 bytes).
    Removing stm32f1xx_hal_uart.o(i.HAL_UART_Abort), (126 bytes).
    Removing stm32f1xx_hal_uart.o(i.HAL_UART_AbortCpltCallback), (2 bytes).
    Removing stm32f1xx_hal_uart.o(i.HAL_UART_AbortReceive), (80 bytes).
    Removing stm32f1xx_hal_uart.o(i.HAL_UART_AbortReceiveCpltCallback), (2 bytes).
    Removing stm32f1xx_hal_uart.o(i.HAL_UART_AbortReceive_IT), (120 bytes).
    Removing stm32f1xx_hal_uart.o(i.HAL_UART_AbortTransmit), (68 bytes).
    Removing stm32f1xx_hal_uart.o(i.HAL_UART_AbortTransmitCpltCallback), (2 bytes).
    Removing stm32f1xx_hal_uart.o(i.HAL_UART_AbortTransmit_IT), (108 bytes).
    Removing stm32f1xx_hal_uart.o(i.HAL_UART_Abort_IT), (216 bytes).
    Removing stm32f1xx_hal_uart.o(i.HAL_UART_DMAPause), (124 bytes).
    Removing stm32f1xx_hal_uart.o(i.HAL_UART_DMAResume), (126 bytes).
    Removing stm32f1xx_hal_uart.o(i.HAL_UART_DMAStop), (102 bytes).
    Removing stm32f1xx_hal_uart.o(i.HAL_UART_DeInit), (46 bytes).
    Removing stm32f1xx_hal_uart.o(i.HAL_UART_GetError), (6 bytes).
    Removing stm32f1xx_hal_uart.o(i.HAL_UART_GetState), (20 bytes).
    Removing stm32f1xx_hal_uart.o(i.HAL_UART_MspDeInit), (2 bytes).
    Removing stm32f1xx_hal_uart.o(i.HAL_UART_MspInit), (2 bytes).
    Removing stm32f1xx_hal_uart.o(i.HAL_UART_Receive_DMA), (196 bytes).
    Removing stm32f1xx_hal_uart.o(i.HAL_UART_RxCpltCallback), (2 bytes).
    Removing stm32f1xx_hal_uart.o(i.HAL_UART_RxHalfCpltCallback), (2 bytes).
    Removing stm32f1xx_hal_uart.o(i.HAL_UART_Transmit_DMA), (156 bytes).
    Removing stm32f1xx_hal_uart.o(i.HAL_UART_Transmit_IT), (88 bytes).
    Removing stm32f1xx_hal_uart.o(i.HAL_UART_TxCpltCallback), (2 bytes).
    Removing stm32f1xx_hal_uart.o(i.HAL_UART_TxHalfCpltCallback), (2 bytes).
    Removing stm32f1xx_hal_uart.o(i.UART_DMAError), (80 bytes).
    Removing stm32f1xx_hal_uart.o(i.UART_DMAReceiveCplt), (70 bytes).
    Removing stm32f1xx_hal_uart.o(i.UART_DMARxAbortCallback), (52 bytes).
    Removing stm32f1xx_hal_uart.o(i.UART_DMARxHalfCplt), (14 bytes).
    Removing stm32f1xx_hal_uart.o(i.UART_DMARxOnlyAbortCallback), (24 bytes).
    Removing stm32f1xx_hal_uart.o(i.UART_DMATransmitCplt), (54 bytes).
    Removing stm32f1xx_hal_uart.o(i.UART_DMATxAbortCallback), (52 bytes).
    Removing stm32f1xx_hal_uart.o(i.UART_DMATxHalfCplt), (14 bytes).
    Removing stm32f1xx_hal_uart.o(i.UART_DMATxOnlyAbortCallback), (24 bytes).
    Removing stm32f1xx_hal_uart.o(i.UART_EndTxTransfer), (20 bytes).
    Removing stm32f1xx_hal.o(.rev16_text), (4 bytes).
    Removing stm32f1xx_hal.o(.revsh_text), (4 bytes).
    Removing stm32f1xx_hal.o(.rrx_text), (6 bytes).
    Removing stm32f1xx_hal.o(i.HAL_DBGMCU_DisableDBGSleepMode), (20 bytes).
    Removing stm32f1xx_hal.o(i.HAL_DBGMCU_DisableDBGStandbyMode), (20 bytes).
    Removing stm32f1xx_hal.o(i.HAL_DBGMCU_DisableDBGStopMode), (20 bytes).
    Removing stm32f1xx_hal.o(i.HAL_DBGMCU_EnableDBGSleepMode), (20 bytes).
    Removing stm32f1xx_hal.o(i.HAL_DBGMCU_EnableDBGStandbyMode), (20 bytes).
    Removing stm32f1xx_hal.o(i.HAL_DBGMCU_EnableDBGStopMode), (20 bytes).
    Removing stm32f1xx_hal.o(i.HAL_DeInit), (36 bytes).
    Removing stm32f1xx_hal.o(i.HAL_GetDEVID), (16 bytes).
    Removing stm32f1xx_hal.o(i.HAL_GetHalVersion), (8 bytes).
    Removing stm32f1xx_hal.o(i.HAL_GetREVID), (12 bytes).
    Removing stm32f1xx_hal.o(i.HAL_GetTickFreq), (12 bytes).
    Removing stm32f1xx_hal.o(i.HAL_GetTickPrio), (12 bytes).
    Removing stm32f1xx_hal.o(i.HAL_GetUID), (28 bytes).
    Removing stm32f1xx_hal.o(i.HAL_MspDeInit), (2 bytes).
    Removing stm32f1xx_hal.o(i.HAL_MspInit), (2 bytes).
    Removing stm32f1xx_hal.o(i.HAL_ResumeTick), (18 bytes).
    Removing stm32f1xx_hal.o(i.HAL_SetTickFreq), (40 bytes).
    Removing stm32f1xx_hal.o(i.HAL_SuspendTick), (18 bytes).
    Removing stm32f1xx_hal_rcc.o(.rev16_text), (4 bytes).
    Removing stm32f1xx_hal_rcc.o(.revsh_text), (4 bytes).
    Removing stm32f1xx_hal_rcc.o(.rrx_text), (6 bytes).
    Removing stm32f1xx_hal_rcc.o(i.HAL_RCC_CSSCallback), (2 bytes).
    Removing stm32f1xx_hal_rcc.o(i.HAL_RCC_DeInit), (264 bytes).
    Removing stm32f1xx_hal_rcc.o(i.HAL_RCC_DisableCSS), (12 bytes).
    Removing stm32f1xx_hal_rcc.o(i.HAL_RCC_EnableCSS), (12 bytes).
    Removing stm32f1xx_hal_rcc.o(i.HAL_RCC_GetClockConfig), (68 bytes).
    Removing stm32f1xx_hal_rcc.o(i.HAL_RCC_GetOscConfig), (200 bytes).
    Removing stm32f1xx_hal_rcc.o(i.HAL_RCC_MCOConfig), (100 bytes).
    Removing stm32f1xx_hal_rcc.o(i.HAL_RCC_NMI_IRQHandler), (32 bytes).
    Removing stm32f1xx_hal_rcc_ex.o(.rev16_text), (4 bytes).
    Removing stm32f1xx_hal_rcc_ex.o(.revsh_text), (4 bytes).
    Removing stm32f1xx_hal_rcc_ex.o(.rrx_text), (6 bytes).
    Removing stm32f1xx_hal_rcc_ex.o(i.HAL_RCCEx_GetPeriphCLKConfig), (60 bytes).
    Removing stm32f1xx_hal_rcc_ex.o(i.HAL_RCCEx_GetPeriphCLKFreq), (288 bytes).
    Removing stm32f1xx_hal_rcc_ex.o(i.HAL_RCCEx_PeriphCLKConfig), (304 bytes).
    Removing stm32f1xx_hal_gpio.o(.rev16_text), (4 bytes).
    Removing stm32f1xx_hal_gpio.o(.revsh_text), (4 bytes).
    Removing stm32f1xx_hal_gpio.o(.rrx_text), (6 bytes).
    Removing stm32f1xx_hal_gpio.o(i.HAL_GPIO_DeInit), (312 bytes).
    Removing stm32f1xx_hal_gpio.o(i.HAL_GPIO_EXTI_Callback), (2 bytes).
    Removing stm32f1xx_hal_gpio.o(i.HAL_GPIO_EXTI_IRQHandler), (28 bytes).
    Removing stm32f1xx_hal_gpio.o(i.HAL_GPIO_LockPin), (46 bytes).
    Removing stm32f1xx_hal_gpio.o(i.HAL_GPIO_ReadPin), (16 bytes).
    Removing stm32f1xx_hal_gpio.o(i.HAL_GPIO_TogglePin), (8 bytes).
    Removing stm32f1xx_hal_dma.o(.rev16_text), (4 bytes).
    Removing stm32f1xx_hal_dma.o(.revsh_text), (4 bytes).
    Removing stm32f1xx_hal_dma.o(.rrx_text), (6 bytes).
    Removing stm32f1xx_hal_dma.o(i.DMA_SetConfig), (44 bytes).
    Removing stm32f1xx_hal_dma.o(i.HAL_DMA_Abort), (58 bytes).
    Removing stm32f1xx_hal_dma.o(i.HAL_DMA_DeInit), (96 bytes).
    Removing stm32f1xx_hal_dma.o(i.HAL_DMA_GetError), (6 bytes).
    Removing stm32f1xx_hal_dma.o(i.HAL_DMA_GetState), (8 bytes).
    Removing stm32f1xx_hal_dma.o(i.HAL_DMA_IRQHandler), (412 bytes).
    Removing stm32f1xx_hal_dma.o(i.HAL_DMA_Init), (112 bytes).
    Removing stm32f1xx_hal_dma.o(i.HAL_DMA_PollForTransfer), (692 bytes).
    Removing stm32f1xx_hal_dma.o(i.HAL_DMA_RegisterCallback), (90 bytes).
    Removing stm32f1xx_hal_dma.o(i.HAL_DMA_Start), (114 bytes).
    Removing stm32f1xx_hal_dma.o(i.HAL_DMA_Start_IT), (156 bytes).
    Removing stm32f1xx_hal_dma.o(i.HAL_DMA_UnRegisterCallback), (106 bytes).
    Removing stm32f1xx_hal_cortex.o(.rev16_text), (4 bytes).
    Removing stm32f1xx_hal_cortex.o(.revsh_text), (4 bytes).
    Removing stm32f1xx_hal_cortex.o(.rrx_text), (6 bytes).
    Removing stm32f1xx_hal_cortex.o(i.HAL_NVIC_ClearPendingIRQ), (28 bytes).
    Removing stm32f1xx_hal_cortex.o(i.HAL_NVIC_DisableIRQ), (28 bytes).
    Removing stm32f1xx_hal_cortex.o(i.HAL_NVIC_GetActive), (40 bytes).
    Removing stm32f1xx_hal_cortex.o(i.HAL_NVIC_GetPendingIRQ), (40 bytes).
    Removing stm32f1xx_hal_cortex.o(i.HAL_NVIC_GetPriority), (148 bytes).
    Removing stm32f1xx_hal_cortex.o(i.HAL_NVIC_GetPriorityGrouping), (8 bytes).
    Removing stm32f1xx_hal_cortex.o(i.HAL_NVIC_SetPendingIRQ), (28 bytes).
    Removing stm32f1xx_hal_cortex.o(i.HAL_NVIC_SystemReset), (68 bytes).
    Removing stm32f1xx_hal_pwr.o(.rev16_text), (4 bytes).
    Removing stm32f1xx_hal_pwr.o(.revsh_text), (4 bytes).
    Removing stm32f1xx_hal_pwr.o(.rrx_text), (6 bytes).
    Removing stm32f1xx_hal_pwr.o(i.HAL_PWR_ConfigPVD), (180 bytes).
    Removing stm32f1xx_hal_pwr.o(i.HAL_PWR_DeInit), (28 bytes).
    Removing stm32f1xx_hal_pwr.o(i.HAL_PWR_DisableBkUpAccess), (12 bytes).
    Removing stm32f1xx_hal_pwr.o(i.HAL_PWR_DisablePVD), (12 bytes).
    Removing stm32f1xx_hal_pwr.o(i.HAL_PWR_DisableSEVOnPend), (20 bytes).
    Removing stm32f1xx_hal_pwr.o(i.HAL_PWR_DisableSleepOnExit), (20 bytes).
    Removing stm32f1xx_hal_pwr.o(i.HAL_PWR_DisableWakeUpPin), (28 bytes).
    Removing stm32f1xx_hal_pwr.o(i.HAL_PWR_EnableBkUpAccess), (12 bytes).
    Removing stm32f1xx_hal_pwr.o(i.HAL_PWR_EnablePVD), (12 bytes).
    Removing stm32f1xx_hal_pwr.o(i.HAL_PWR_EnableSEVOnPend), (20 bytes).
    Removing stm32f1xx_hal_pwr.o(i.HAL_PWR_EnableSleepOnExit), (20 bytes).
    Removing stm32f1xx_hal_pwr.o(i.HAL_PWR_EnableWakeUpPin), (28 bytes).
    Removing stm32f1xx_hal_pwr.o(i.HAL_PWR_EnterSLEEPMode), (32 bytes).
    Removing stm32f1xx_hal_pwr.o(i.HAL_PWR_EnterSTANDBYMode), (40 bytes).
    Removing stm32f1xx_hal_pwr.o(i.HAL_PWR_EnterSTOPMode), (84 bytes).
    Removing stm32f1xx_hal_pwr.o(i.HAL_PWR_PVDCallback), (2 bytes).
    Removing stm32f1xx_hal_pwr.o(i.HAL_PWR_PVD_IRQHandler), (32 bytes).
    Removing stm32f1xx_hal_pwr.o(i.PWR_OverloadWfe), (6 bytes).
    Removing stm32f1xx_hal_flash.o(.rev16_text), (4 bytes).
    Removing stm32f1xx_hal_flash.o(.revsh_text), (4 bytes).
    Removing stm32f1xx_hal_flash.o(.rrx_text), (6 bytes).
    Removing stm32f1xx_hal_flash.o(i.FLASH_Program_HalfWord), (32 bytes).
    Removing stm32f1xx_hal_flash.o(i.FLASH_SetErrorCode), (132 bytes).
    Removing stm32f1xx_hal_flash.o(i.FLASH_WaitForLastOperation), (112 bytes).
    Removing stm32f1xx_hal_flash.o(i.HAL_FLASH_EndOfOperationCallback), (2 bytes).
    Removing stm32f1xx_hal_flash.o(i.HAL_FLASH_GetError), (12 bytes).
    Removing stm32f1xx_hal_flash.o(i.HAL_FLASH_IRQHandler), (384 bytes).
    Removing stm32f1xx_hal_flash.o(i.HAL_FLASH_Lock), (20 bytes).
    Removing stm32f1xx_hal_flash.o(i.HAL_FLASH_OB_Launch), (8 bytes).
    Removing stm32f1xx_hal_flash.o(i.HAL_FLASH_OB_Lock), (20 bytes).
    Removing stm32f1xx_hal_flash.o(i.HAL_FLASH_OB_Unlock), (44 bytes).
    Removing stm32f1xx_hal_flash.o(i.HAL_FLASH_OperationErrorCallback), (2 bytes).
    Removing stm32f1xx_hal_flash.o(i.HAL_FLASH_Program), (176 bytes).
    Removing stm32f1xx_hal_flash.o(i.HAL_FLASH_Program_IT), (124 bytes).
    Removing stm32f1xx_hal_flash.o(i.HAL_FLASH_Unlock), (48 bytes).
    Removing stm32f1xx_hal_flash.o(.bss), (32 bytes).
    Removing stm32f1xx_hal_flash_ex.o(.rev16_text), (4 bytes).
    Removing stm32f1xx_hal_flash_ex.o(.revsh_text), (4 bytes).
    Removing stm32f1xx_hal_flash_ex.o(.rrx_text), (6 bytes).
    Removing stm32f1xx_hal_flash_ex.o(i.FLASH_MassErase), (40 bytes).
    Removing stm32f1xx_hal_flash_ex.o(i.FLASH_OB_DisableWRP), (232 bytes).
    Removing stm32f1xx_hal_flash_ex.o(i.FLASH_OB_EnableWRP), (236 bytes).
    Removing stm32f1xx_hal_flash_ex.o(i.FLASH_OB_GetRDP), (28 bytes).
    Removing stm32f1xx_hal_flash_ex.o(i.FLASH_OB_GetUser), (16 bytes).
    Removing stm32f1xx_hal_flash_ex.o(i.FLASH_OB_GetWRP), (12 bytes).
    Removing stm32f1xx_hal_flash_ex.o(i.FLASH_OB_ProgramData), (76 bytes).
    Removing stm32f1xx_hal_flash_ex.o(i.FLASH_OB_RDP_LevelConfig), (124 bytes).
    Removing stm32f1xx_hal_flash_ex.o(i.FLASH_OB_UserConfig), (84 bytes).
    Removing stm32f1xx_hal_flash_ex.o(i.FLASH_PageErase), (40 bytes).
    Removing stm32f1xx_hal_flash_ex.o(i.HAL_FLASHEx_Erase), (176 bytes).
    Removing stm32f1xx_hal_flash_ex.o(i.HAL_FLASHEx_Erase_IT), (100 bytes).
    Removing stm32f1xx_hal_flash_ex.o(i.HAL_FLASHEx_OBErase), (96 bytes).
    Removing stm32f1xx_hal_flash_ex.o(i.HAL_FLASHEx_OBGetConfig), (28 bytes).
    Removing stm32f1xx_hal_flash_ex.o(i.HAL_FLASHEx_OBGetUserData), (40 bytes).
    Removing stm32f1xx_hal_flash_ex.o(i.HAL_FLASHEx_OBProgram), (200 bytes).

334 unused section(s) (total 23936 bytes) removed from the image.

==============================================================================

Image Symbol Table

    Local Symbols

    Symbol Name                              Value     Ov Type        Size  Object(Section)

    ..//Src/system_stm32f1xx.c               0x00000000   Number         0  system_stm32f1xx.o ABSOLUTE
    ../Src/main.c                            0x00000000   Number         0  main.o ABSOLUTE
    ../Src/stm32f1xx_hal_msp.c               0x00000000   Number         0  stm32f1xx_hal_msp.o ABSOLUTE
    ../Src/stm32f1xx_it.c                    0x00000000   Number         0  stm32f1xx_it.o ABSOLUTE
    ../clib/microlib/division.c              0x00000000   Number         0  uidiv.o ABSOLUTE
    ../clib/microlib/division.c              0x00000000   Number         0  uldiv.o ABSOLUTE
    ../clib/microlib/init/entry.s            0x00000000   Number         0  entry.o ABSOLUTE
    ../clib/microlib/init/entry.s            0x00000000   Number         0  entry7b.o ABSOLUTE
    ../clib/microlib/init/entry.s            0x00000000   Number         0  entry11b.o ABSOLUTE
    ../clib/microlib/init/entry.s            0x00000000   Number         0  entry9a.o ABSOLUTE
    ../clib/microlib/init/entry.s            0x00000000   Number         0  entry8a.o ABSOLUTE
    ../clib/microlib/init/entry.s            0x00000000   Number         0  entry10b.o ABSOLUTE
    ../clib/microlib/init/entry.s            0x00000000   Number         0  entry10a.o ABSOLUTE
    ../clib/microlib/init/entry.s            0x00000000   Number         0  entry9b.o ABSOLUTE
    ../clib/microlib/init/entry.s            0x00000000   Number         0  entry8b.o ABSOLUTE
    ../clib/microlib/init/entry.s            0x00000000   Number         0  entry11a.o ABSOLUTE
    ../clib/microlib/init/entry.s            0x00000000   Number         0  entry2.o ABSOLUTE
    ../clib/microlib/init/entry.s            0x00000000   Number         0  entry5.o ABSOLUTE
    ../clib/microlib/init/entry.s            0x00000000   Number         0  entry7a.o ABSOLUTE
    ../clib/microlib/longlong.c              0x00000000   Number         0  llushr.o ABSOLUTE
    ../clib/microlib/longlong.c              0x00000000   Number         0  llsshr.o ABSOLUTE
    ../clib/microlib/longlong.c              0x00000000   Number         0  llshl.o ABSOLUTE
    ../clib/microlib/printf/printf.c         0x00000000   Number         0  printf2.o ABSOLUTE
    ../clib/microlib/printf/printf.c         0x00000000   Number         0  printf6.o ABSOLUTE
    ../clib/microlib/printf/printf.c         0x00000000   Number         0  printf7.o ABSOLUTE
    ../clib/microlib/printf/printf.c         0x00000000   Number         0  printfa.o ABSOLUTE
    ../clib/microlib/printf/printf.c         0x00000000   Number         0  printfb.o ABSOLUTE
    ../clib/microlib/printf/printf.c         0x00000000   Number         0  printf0.o ABSOLUTE
    ../clib/microlib/printf/printf.c         0x00000000   Number         0  printf1.o ABSOLUTE
    ../clib/microlib/printf/printf.c         0x00000000   Number         0  printf8.o ABSOLUTE
    ../clib/microlib/printf/printf.c         0x00000000   Number         0  printf3.o ABSOLUTE
    ../clib/microlib/printf/printf.c         0x00000000   Number         0  printf4.o ABSOLUTE
    ../clib/microlib/printf/printf.c         0x00000000   Number         0  printf5.o ABSOLUTE
    ../clib/microlib/printf/stubs.s          0x00000000   Number         0  stubs.o ABSOLUTE
    ../clib/microlib/stdio/fputc.c           0x00000000   Number         0  fputc.o ABSOLUTE
    ../clib/microlib/stdio/semi.s            0x00000000   Number         0  semi.o ABSOLUTE
    ../clib/microlib/stdio/streams.c         0x00000000   Number         0  stdout.o ABSOLUTE
    ../clib/microlib/string/strlen.c         0x00000000   Number         0  strlen.o ABSOLUTE
    ../clib/microlib/stubs.s                 0x00000000   Number         0  iusefp.o ABSOLUTE
    ../clib/microlib/stubs.s                 0x00000000   Number         0  iusesemip.o ABSOLUTE
    ../fplib/microlib/fpadd.c                0x00000000   Number         0  dadd.o ABSOLUTE
    ../fplib/microlib/fpdiv.c                0x00000000   Number         0  ddiv.o ABSOLUTE
    ../fplib/microlib/fpepilogue.c           0x00000000   Number         0  depilogue.o ABSOLUTE
    ../fplib/microlib/fpfix.c                0x00000000   Number         0  dfixul.o ABSOLUTE
    ../fplib/microlib/fpflt.c                0x00000000   Number         0  dfltui.o ABSOLUTE
    ../fplib/microlib/fpmul.c                0x00000000   Number         0  dmul.o ABSOLUTE
    ..\Src\main.c                            0x00000000   Number         0  main.o ABSOLUTE
    ..\Src\stm32f1xx_hal_msp.c               0x00000000   Number         0  stm32f1xx_hal_msp.o ABSOLUTE
    ..\Src\stm32f1xx_it.c                    0x00000000   Number         0  stm32f1xx_it.o ABSOLUTE
    ..\\Src\system_stm32f1xx.c               0x00000000   Number         0  system_stm32f1xx.o ABSOLUTE
    C:/Users/AQUASRV_TECH6/STM32Cube/Repository/STM32Cube_FW_F1_V1.6.1/Drivers/STM32F1xx_HAL_Driver/Src/stm32f1xx_hal.c 0x00000000   Number         0  stm32f1xx_hal.o ABSOLUTE
    C:/Users/AQUASRV_TECH6/STM32Cube/Repository/STM32Cube_FW_F1_V1.6.1/Drivers/STM32F1xx_HAL_Driver/Src/stm32f1xx_hal_cortex.c 0x00000000   Number         0  stm32f1xx_hal_cortex.o ABSOLUTE
    C:/Users/AQUASRV_TECH6/STM32Cube/Repository/STM32Cube_FW_F1_V1.6.1/Drivers/STM32F1xx_HAL_Driver/Src/stm32f1xx_hal_dma.c 0x00000000   Number         0  stm32f1xx_hal_dma.o ABSOLUTE
    C:/Users/AQUASRV_TECH6/STM32Cube/Repository/STM32Cube_FW_F1_V1.6.1/Drivers/STM32F1xx_HAL_Driver/Src/stm32f1xx_hal_flash.c 0x00000000   Number         0  stm32f1xx_hal_flash.o ABSOLUTE
    C:/Users/AQUASRV_TECH6/STM32Cube/Repository/STM32Cube_FW_F1_V1.6.1/Drivers/STM32F1xx_HAL_Driver/Src/stm32f1xx_hal_flash_ex.c 0x00000000   Number         0  stm32f1xx_hal_flash_ex.o ABSOLUTE
    C:/Users/AQUASRV_TECH6/STM32Cube/Repository/STM32Cube_FW_F1_V1.6.1/Drivers/STM32F1xx_HAL_Driver/Src/stm32f1xx_hal_gpio.c 0x00000000   Number         0  stm32f1xx_hal_gpio.o ABSOLUTE
    C:/Users/AQUASRV_TECH6/STM32Cube/Repository/STM32Cube_FW_F1_V1.6.1/Drivers/STM32F1xx_HAL_Driver/Src/stm32f1xx_hal_gpio_ex.c 0x00000000   Number         0  stm32f1xx_hal_gpio_ex.o ABSOLUTE
    C:/Users/AQUASRV_TECH6/STM32Cube/Repository/STM32Cube_FW_F1_V1.6.1/Drivers/STM32F1xx_HAL_Driver/Src/stm32f1xx_hal_pwr.c 0x00000000   Number         0  stm32f1xx_hal_pwr.o ABSOLUTE
    C:/Users/AQUASRV_TECH6/STM32Cube/Repository/STM32Cube_FW_F1_V1.6.1/Drivers/STM32F1xx_HAL_Driver/Src/stm32f1xx_hal_rcc.c 0x00000000   Number         0  stm32f1xx_hal_rcc.o ABSOLUTE
    C:/Users/AQUASRV_TECH6/STM32Cube/Repository/STM32Cube_FW_F1_V1.6.1/Drivers/STM32F1xx_HAL_Driver/Src/stm32f1xx_hal_rcc_ex.c 0x00000000   Number         0  stm32f1xx_hal_rcc_ex.o ABSOLUTE
    C:/Users/AQUASRV_TECH6/STM32Cube/Repository/STM32Cube_FW_F1_V1.6.1/Drivers/STM32F1xx_HAL_Driver/Src/stm32f1xx_hal_tim.c 0x00000000   Number         0  stm32f1xx_hal_tim.o ABSOLUTE
    C:/Users/AQUASRV_TECH6/STM32Cube/Repository/STM32Cube_FW_F1_V1.6.1/Drivers/STM32F1xx_HAL_Driver/Src/stm32f1xx_hal_tim_ex.c 0x00000000   Number         0  stm32f1xx_hal_tim_ex.o ABSOLUTE
    C:/Users/AQUASRV_TECH6/STM32Cube/Repository/STM32Cube_FW_F1_V1.6.1/Drivers/STM32F1xx_HAL_Driver/Src/stm32f1xx_hal_uart.c 0x00000000   Number         0  stm32f1xx_hal_uart.o ABSOLUTE
    C:\Users\AQUASRV_TECH6\STM32Cube\Repository\STM32Cube_FW_F1_V1.6.1\Drivers\STM32F1xx_HAL_Driver\Src\stm32f1xx_hal.c 0x00000000   Number         0  stm32f1xx_hal.o ABSOLUTE
    C:\Users\AQUASRV_TECH6\STM32Cube\Repository\STM32Cube_FW_F1_V1.6.1\Drivers\STM32F1xx_HAL_Driver\Src\stm32f1xx_hal_cortex.c 0x00000000   Number         0  stm32f1xx_hal_cortex.o ABSOLUTE
    C:\Users\AQUASRV_TECH6\STM32Cube\Repository\STM32Cube_FW_F1_V1.6.1\Drivers\STM32F1xx_HAL_Driver\Src\stm32f1xx_hal_dma.c 0x00000000   Number         0  stm32f1xx_hal_dma.o ABSOLUTE
    C:\Users\AQUASRV_TECH6\STM32Cube\Repository\STM32Cube_FW_F1_V1.6.1\Drivers\STM32F1xx_HAL_Driver\Src\stm32f1xx_hal_flash.c 0x00000000   Number         0  stm32f1xx_hal_flash.o ABSOLUTE
    C:\Users\AQUASRV_TECH6\STM32Cube\Repository\STM32Cube_FW_F1_V1.6.1\Drivers\STM32F1xx_HAL_Driver\Src\stm32f1xx_hal_flash_ex.c 0x00000000   Number         0  stm32f1xx_hal_flash_ex.o ABSOLUTE
    C:\Users\AQUASRV_TECH6\STM32Cube\Repository\STM32Cube_FW_F1_V1.6.1\Drivers\STM32F1xx_HAL_Driver\Src\stm32f1xx_hal_gpio.c 0x00000000   Number         0  stm32f1xx_hal_gpio.o ABSOLUTE
    C:\Users\AQUASRV_TECH6\STM32Cube\Repository\STM32Cube_FW_F1_V1.6.1\Drivers\STM32F1xx_HAL_Driver\Src\stm32f1xx_hal_gpio_ex.c 0x00000000   Number         0  stm32f1xx_hal_gpio_ex.o ABSOLUTE
    C:\Users\AQUASRV_TECH6\STM32Cube\Repository\STM32Cube_FW_F1_V1.6.1\Drivers\STM32F1xx_HAL_Driver\Src\stm32f1xx_hal_pwr.c 0x00000000   Number         0  stm32f1xx_hal_pwr.o ABSOLUTE
    C:\Users\AQUASRV_TECH6\STM32Cube\Repository\STM32Cube_FW_F1_V1.6.1\Drivers\STM32F1xx_HAL_Driver\Src\stm32f1xx_hal_rcc.c 0x00000000   Number         0  stm32f1xx_hal_rcc.o ABSOLUTE
    C:\Users\AQUASRV_TECH6\STM32Cube\Repository\STM32Cube_FW_F1_V1.6.1\Drivers\STM32F1xx_HAL_Driver\Src\stm32f1xx_hal_rcc_ex.c 0x00000000   Number         0  stm32f1xx_hal_rcc_ex.o ABSOLUTE
    C:\Users\AQUASRV_TECH6\STM32Cube\Repository\STM32Cube_FW_F1_V1.6.1\Drivers\STM32F1xx_HAL_Driver\Src\stm32f1xx_hal_tim.c 0x00000000   Number         0  stm32f1xx_hal_tim.o ABSOLUTE
    C:\Users\AQUASRV_TECH6\STM32Cube\Repository\STM32Cube_FW_F1_V1.6.1\Drivers\STM32F1xx_HAL_Driver\Src\stm32f1xx_hal_tim_ex.c 0x00000000   Number         0  stm32f1xx_hal_tim_ex.o ABSOLUTE
    C:\Users\AQUASRV_TECH6\STM32Cube\Repository\STM32Cube_FW_F1_V1.6.1\Drivers\STM32F1xx_HAL_Driver\Src\stm32f1xx_hal_uart.c 0x00000000   Number         0  stm32f1xx_hal_uart.o ABSOLUTE
    cdrcmple.s                               0x00000000   Number         0  cdrcmple.o ABSOLUTE
    dc.s                                     0x00000000   Number         0  dc.o ABSOLUTE
    handlers.s                               0x00000000   Number         0  handlers.o ABSOLUTE
    init.s                                   0x00000000   Number         0  init.o ABSOLUTE
    sensors.c                                0x00000000   Number         0  sensors.o ABSOLUTE
    sensors.c                                0x00000000   Number         0  sensors.o ABSOLUTE
    startup_stm32f103xb.s                    0x00000000   Number         0  startup_stm32f103xb.o ABSOLUTE
    RESET                                    0x08000000   Section      236  startup_stm32f103xb.o(RESET)
    .ARM.Collect$$$$00000000                 0x080000ec   Section        0  entry.o(.ARM.Collect$$$$00000000)
    .ARM.Collect$$$$00000001                 0x080000ec   Section        4  entry2.o(.ARM.Collect$$$$00000001)
    .ARM.Collect$$$$00000004                 0x080000f0   Section        4  entry5.o(.ARM.Collect$$$$00000004)
    .ARM.Collect$$$$00000008                 0x080000f4   Section        0  entry7b.o(.ARM.Collect$$$$00000008)
    .ARM.Collect$$$$0000000A                 0x080000f4   Section        0  entry8b.o(.ARM.Collect$$$$0000000A)
    .ARM.Collect$$$$0000000B                 0x080000f4   Section        8  entry9a.o(.ARM.Collect$$$$0000000B)
    .ARM.Collect$$$$0000000D                 0x080000fc   Section        0  entry10a.o(.ARM.Collect$$$$0000000D)
    .ARM.Collect$$$$0000000F                 0x080000fc   Section        0  entry11a.o(.ARM.Collect$$$$0000000F)
    .ARM.Collect$$$$00002712                 0x080000fc   Section        4  entry2.o(.ARM.Collect$$$$00002712)
    __lit__00000000                          0x080000fc   Data           4  entry2.o(.ARM.Collect$$$$00002712)
    .text                                    0x08000100   Section       36  startup_stm32f103xb.o(.text)
    .text                                    0x08000124   Section        0  llushr.o(.text)
    .text                                    0x08000144   Section        0  strlen.o(.text)
    .text                                    0x08000152   Section        0  dmul.o(.text)
    .text                                    0x08000236   Section        0  ddiv.o(.text)
    .text                                    0x08000314   Section        0  dfltui.o(.text)
    .text                                    0x0800032e   Section        0  uidiv.o(.text)
    .text                                    0x0800035a   Section        0  uldiv.o(.text)
    .text                                    0x080003bc   Section        0  iusefp.o(.text)
    .text                                    0x080003bc   Section        0  depilogue.o(.text)
    .text                                    0x08000476   Section        0  dadd.o(.text)
    .text                                    0x080005c4   Section        0  dfixul.o(.text)
    .text                                    0x080005f4   Section       48  cdrcmple.o(.text)
    .text                                    0x08000624   Section       36  init.o(.text)
    .text                                    0x08000648   Section        0  llshl.o(.text)
    .text                                    0x08000666   Section        0  llsshr.o(.text)
    i.BusFault_Handler                       0x0800068a   Section        0  stm32f1xx_it.o(i.BusFault_Handler)
    i.DebugMon_Handler                       0x0800068e   Section        0  stm32f1xx_it.o(i.DebugMon_Handler)
    i.HAL_DMA_Abort_IT                       0x08000690   Section        0  stm32f1xx_hal_dma.o(i.HAL_DMA_Abort_IT)
    i.HAL_Delay                              0x08000740   Section        0  stm32f1xx_hal.o(i.HAL_Delay)
    i.HAL_GPIO_Init                          0x08000768   Section        0  stm32f1xx_hal_gpio.o(i.HAL_GPIO_Init)
    i.HAL_GPIO_WritePin                      0x08000a84   Section        0  stm32f1xx_hal_gpio.o(i.HAL_GPIO_WritePin)
    i.HAL_GetTick                            0x08000a90   Section        0  stm32f1xx_hal.o(i.HAL_GetTick)
    i.HAL_IncTick                            0x08000a9c   Section        0  stm32f1xx_hal.o(i.HAL_IncTick)
    i.HAL_Init                               0x08000ab4   Section        0  stm32f1xx_hal.o(i.HAL_Init)
    i.HAL_InitTick                           0x08000adc   Section        0  stm32f1xx_hal.o(i.HAL_InitTick)
    i.HAL_MspInit                            0x08000b28   Section        0  stm32f1xx_hal_msp.o(i.HAL_MspInit)
    i.HAL_NVIC_EnableIRQ                     0x08000bd0   Section        0  stm32f1xx_hal_cortex.o(i.HAL_NVIC_EnableIRQ)
    i.HAL_NVIC_SetPriority                   0x08000bea   Section        0  stm32f1xx_hal_cortex.o(i.HAL_NVIC_SetPriority)
    i.HAL_NVIC_SetPriorityGrouping           0x08000c68   Section        0  stm32f1xx_hal_cortex.o(i.HAL_NVIC_SetPriorityGrouping)
    i.HAL_RCC_ClockConfig                    0x08000c90   Section        0  stm32f1xx_hal_rcc.o(i.HAL_RCC_ClockConfig)
    i.HAL_RCC_GetHCLKFreq                    0x08000e34   Section        0  stm32f1xx_hal_rcc.o(i.HAL_RCC_GetHCLKFreq)
    i.HAL_RCC_GetPCLK1Freq                   0x08000e40   Section        0  stm32f1xx_hal_rcc.o(i.HAL_RCC_GetPCLK1Freq)
    i.HAL_RCC_GetPCLK2Freq                   0x08000e60   Section        0  stm32f1xx_hal_rcc.o(i.HAL_RCC_GetPCLK2Freq)
    i.HAL_RCC_GetSysClockFreq                0x08000e80   Section        0  stm32f1xx_hal_rcc.o(i.HAL_RCC_GetSysClockFreq)
    i.HAL_RCC_OscConfig                      0x08000f14   Section        0  stm32f1xx_hal_rcc.o(i.HAL_RCC_OscConfig)
    i.HAL_SYSTICK_CLKSourceConfig            0x08001354   Section        0  stm32f1xx_hal_cortex.o(i.HAL_SYSTICK_CLKSourceConfig)
    i.HAL_SYSTICK_Callback                   0x0800137c   Section        0  stm32f1xx_hal_cortex.o(i.HAL_SYSTICK_Callback)
    i.HAL_SYSTICK_Config                     0x0800137e   Section        0  stm32f1xx_hal_cortex.o(i.HAL_SYSTICK_Config)
    i.HAL_SYSTICK_IRQHandler                 0x080013b2   Section        0  stm32f1xx_hal_cortex.o(i.HAL_SYSTICK_IRQHandler)
    i.HAL_TIMEx_BreakCallback                0x080013ba   Section        0  stm32f1xx_hal_tim_ex.o(i.HAL_TIMEx_BreakCallback)
    i.HAL_TIMEx_CommutationCallback          0x080013bc   Section        0  stm32f1xx_hal_tim_ex.o(i.HAL_TIMEx_CommutationCallback)
    i.HAL_TIMEx_MasterConfigSynchronization  0x080013be   Section        0  stm32f1xx_hal_tim_ex.o(i.HAL_TIMEx_MasterConfigSynchronization)
    i.HAL_TIM_Base_Init                      0x08001420   Section        0  stm32f1xx_hal_tim.o(i.HAL_TIM_Base_Init)
    i.HAL_TIM_Base_MspInit                   0x08001454   Section        0  stm32f1xx_hal_msp.o(i.HAL_TIM_Base_MspInit)
    i.HAL_TIM_Base_Start_IT                  0x08001498   Section        0  stm32f1xx_hal_tim.o(i.HAL_TIM_Base_Start_IT)
    i.HAL_TIM_ConfigClockSource              0x080014b6   Section        0  stm32f1xx_hal_tim.o(i.HAL_TIM_ConfigClockSource)
    i.HAL_TIM_IC_CaptureCallback             0x080015e8   Section        0  stm32f1xx_hal_tim.o(i.HAL_TIM_IC_CaptureCallback)
    i.HAL_TIM_IRQHandler                     0x080015ea   Section        0  stm32f1xx_hal_tim.o(i.HAL_TIM_IRQHandler)
    i.HAL_TIM_OC_DelayElapsedCallback        0x08001780   Section        0  stm32f1xx_hal_tim.o(i.HAL_TIM_OC_DelayElapsedCallback)
    i.HAL_TIM_PWM_PulseFinishedCallback      0x08001782   Section        0  stm32f1xx_hal_tim.o(i.HAL_TIM_PWM_PulseFinishedCallback)
    i.HAL_TIM_PeriodElapsedCallback          0x08001784   Section        0  stm32f1xx_hal_tim.o(i.HAL_TIM_PeriodElapsedCallback)
    i.HAL_TIM_TriggerCallback                0x08001786   Section        0  stm32f1xx_hal_tim.o(i.HAL_TIM_TriggerCallback)
    i.HAL_UART_ErrorCallback                 0x08001788   Section        0  stm32f1xx_hal_uart.o(i.HAL_UART_ErrorCallback)
    i.HAL_UART_IRQHandler                    0x0800178c   Section        0  stm32f1xx_hal_uart.o(i.HAL_UART_IRQHandler)
    i.HAL_UART_Init                          0x080018d8   Section        0  stm32f1xx_hal_uart.o(i.HAL_UART_Init)
    i.HAL_UART_MspInit                       0x0800194c   Section        0  stm32f1xx_hal_msp.o(i.HAL_UART_MspInit)
    i.HAL_UART_Receive                       0x08001a24   Section        0  stm32f1xx_hal_uart.o(i.HAL_UART_Receive)
    i.HAL_UART_Receive_IT                    0x08001b02   Section        0  stm32f1xx_hal_uart.o(i.HAL_UART_Receive_IT)
    i.HAL_UART_RxCpltCallback                0x08001b72   Section        0  stm32f1xx_it.o(i.HAL_UART_RxCpltCallback)
    i.HAL_UART_Transmit                      0x08001b74   Section        0  stm32f1xx_hal_uart.o(i.HAL_UART_Transmit)
    i.HAL_UART_TxCpltCallback                0x08001c4a   Section        0  stm32f1xx_it.o(i.HAL_UART_TxCpltCallback)
    i.HardFault_Handler                      0x08001c4c   Section        0  stm32f1xx_it.o(i.HardFault_Handler)
    i.Init_klapans                           0x08001c50   Section        0  main.o(i.Init_klapans)
    i.MATH_Go_to_ESP                         0x08001ce8   Section        0  main.o(i.MATH_Go_to_ESP)
    i.MX_GPIO_Init                           0x08001e24   Section        0  main.o(i.MX_GPIO_Init)
    MX_GPIO_Init                             0x08001e25   Thumb Code   150  main.o(i.MX_GPIO_Init)
    i.MX_TIM1_Init                           0x08001ec4   Section        0  main.o(i.MX_TIM1_Init)
    MX_TIM1_Init                             0x08001ec5   Thumb Code   110  main.o(i.MX_TIM1_Init)
    i.MX_USART1_UART_Init                    0x08001f4c   Section        0  main.o(i.MX_USART1_UART_Init)
    MX_USART1_UART_Init                      0x08001f4d   Thumb Code    58  main.o(i.MX_USART1_UART_Init)
    i.MX_USART3_UART_Init                    0x08001fa0   Section        0  main.o(i.MX_USART3_UART_Init)
    MX_USART3_UART_Init                      0x08001fa1   Thumb Code    52  main.o(i.MX_USART3_UART_Init)
    i.MemManage_Handler                      0x08001fec   Section        0  stm32f1xx_it.o(i.MemManage_Handler)
    i.NMI_Handler                            0x08001ff0   Section        0  stm32f1xx_it.o(i.NMI_Handler)
    i.NVIC_GetPriorityGrouping               0x08001ff4   Section        0  stm32f1xx_hal_cortex.o(i.NVIC_GetPriorityGrouping)
    NVIC_GetPriorityGrouping                 0x08001ff5   Thumb Code    10  stm32f1xx_hal_cortex.o(i.NVIC_GetPriorityGrouping)
    i.NVIC_SetPriority                       0x08002004   Section        0  stm32f1xx_hal_cortex.o(i.NVIC_SetPriority)
    NVIC_SetPriority                         0x08002005   Thumb Code    32  stm32f1xx_hal_cortex.o(i.NVIC_SetPriority)
    i.Parser                                 0x0800202c   Section        0  main.o(i.Parser)
    i.PendSV_Handler                         0x080020e0   Section        0  stm32f1xx_it.o(i.PendSV_Handler)
    i.RCC_Delay                              0x080020e4   Section        0  stm32f1xx_hal_rcc.o(i.RCC_Delay)
    RCC_Delay                                0x080020e5   Thumb Code    36  stm32f1xx_hal_rcc.o(i.RCC_Delay)
    i.SVC_Handler                            0x0800210c   Section        0  stm32f1xx_it.o(i.SVC_Handler)
    i.SysTick_Handler                        0x0800210e   Section        0  stm32f1xx_it.o(i.SysTick_Handler)
    i.SystemClock_Config                     0x0800211c   Section        0  main.o(i.SystemClock_Config)
    i.SystemInit                             0x080021ac   Section        0  system_stm32f1xx.o(i.SystemInit)
    i.TIM1_UP_IRQHandler                     0x08002204   Section        0  stm32f1xx_it.o(i.TIM1_UP_IRQHandler)
    i.TIM_Base_SetConfig                     0x08002214   Section        0  stm32f1xx_hal_tim.o(i.TIM_Base_SetConfig)
    i.TIM_ETR_SetConfig                      0x08002288   Section        0  stm32f1xx_hal_tim.o(i.TIM_ETR_SetConfig)
    TIM_ETR_SetConfig                        0x08002289   Thumb Code    24  stm32f1xx_hal_tim.o(i.TIM_ETR_SetConfig)
    i.TIM_ITRx_SetConfig                     0x080022a0   Section        0  stm32f1xx_hal_tim.o(i.TIM_ITRx_SetConfig)
    TIM_ITRx_SetConfig                       0x080022a1   Thumb Code    20  stm32f1xx_hal_tim.o(i.TIM_ITRx_SetConfig)
    i.TIM_TI1_ConfigInputStage               0x080022b4   Section        0  stm32f1xx_hal_tim.o(i.TIM_TI1_ConfigInputStage)
    TIM_TI1_ConfigInputStage                 0x080022b5   Thumb Code    42  stm32f1xx_hal_tim.o(i.TIM_TI1_ConfigInputStage)
    i.TIM_TI2_ConfigInputStage               0x080022de   Section        0  stm32f1xx_hal_tim.o(i.TIM_TI2_ConfigInputStage)
    TIM_TI2_ConfigInputStage                 0x080022df   Thumb Code    44  stm32f1xx_hal_tim.o(i.TIM_TI2_ConfigInputStage)
    i.Timing_main                            0x0800230c   Section        0  main.o(i.Timing_main)
    i.Transmitting                           0x08002338   Section        0  main.o(i.Transmitting)
    i.UART_DMAAbortOnError                   0x08002444   Section        0  stm32f1xx_hal_uart.o(i.UART_DMAAbortOnError)
    UART_DMAAbortOnError                     0x08002445   Thumb Code    20  stm32f1xx_hal_uart.o(i.UART_DMAAbortOnError)
    i.UART_EndRxTransfer                     0x08002458   Section        0  stm32f1xx_hal_uart.o(i.UART_EndRxTransfer)
    UART_EndRxTransfer                       0x08002459   Thumb Code    32  stm32f1xx_hal_uart.o(i.UART_EndRxTransfer)
    i.UART_EndTransmit_IT                    0x08002478   Section        0  stm32f1xx_hal_uart.o(i.UART_EndTransmit_IT)
    UART_EndTransmit_IT                      0x08002479   Thumb Code    32  stm32f1xx_hal_uart.o(i.UART_EndTransmit_IT)
    i.UART_Receive_IT                        0x08002498   Section        0  stm32f1xx_hal_uart.o(i.UART_Receive_IT)
    UART_Receive_IT                          0x08002499   Thumb Code   166  stm32f1xx_hal_uart.o(i.UART_Receive_IT)
    i.UART_SetConfig                         0x08002540   Section        0  stm32f1xx_hal_uart.o(i.UART_SetConfig)
    UART_SetConfig                           0x08002541   Thumb Code   450  stm32f1xx_hal_uart.o(i.UART_SetConfig)
    i.UART_Transmit_IT                       0x08002708   Section        0  stm32f1xx_hal_uart.o(i.UART_Transmit_IT)
    UART_Transmit_IT                         0x08002709   Thumb Code   104  stm32f1xx_hal_uart.o(i.UART_Transmit_IT)
    i.UART_WaitOnFlagUntilTimeout            0x08002770   Section        0  stm32f1xx_hal_uart.o(i.UART_WaitOnFlagUntilTimeout)
    UART_WaitOnFlagUntilTimeout              0x08002771   Thumb Code   108  stm32f1xx_hal_uart.o(i.UART_WaitOnFlagUntilTimeout)
    i.USART1_IRQHandler                      0x080027dc   Section        0  stm32f1xx_it.o(i.USART1_IRQHandler)
    i.USART3_IRQHandler                      0x080027ec   Section        0  stm32f1xx_it.o(i.USART3_IRQHandler)
    i.UsageFault_Handler                     0x08002828   Section        0  stm32f1xx_it.o(i.UsageFault_Handler)
    i._Error_Handler                         0x0800282c   Section        0  main.o(i._Error_Handler)
    i.__0sprintf                             0x08002830   Section        0  printfa.o(i.__0sprintf)
    i.__scatterload_copy                     0x08002858   Section       14  handlers.o(i.__scatterload_copy)
    i.__scatterload_null                     0x08002866   Section        2  handlers.o(i.__scatterload_null)
    i.__scatterload_zeroinit                 0x08002868   Section       14  handlers.o(i.__scatterload_zeroinit)
    i._fp_digits                             0x08002878   Section        0  printfa.o(i._fp_digits)
    _fp_digits                               0x08002879   Thumb Code   366  printfa.o(i._fp_digits)
    i._printf_core                           0x080029fc   Section        0  printfa.o(i._printf_core)
    _printf_core                             0x080029fd   Thumb Code  1744  printfa.o(i._printf_core)
    i._printf_post_padding                   0x080030d8   Section        0  printfa.o(i._printf_post_padding)
    _printf_post_padding                     0x080030d9   Thumb Code    36  printfa.o(i._printf_post_padding)
    i._printf_pre_padding                    0x080030fc   Section        0  printfa.o(i._printf_pre_padding)
    _printf_pre_padding                      0x080030fd   Thumb Code    46  printfa.o(i._printf_pre_padding)
    i._sputc                                 0x0800312a   Section        0  printfa.o(i._sputc)
    _sputc                                   0x0800312b   Thumb Code    10  printfa.o(i._sputc)
    i.all_zeroes                             0x08003134   Section        0  main.o(i.all_zeroes)
    i.blowing                                0x080031f8   Section        0  main.o(i.blowing)
    i.err_handler                            0x080032e8   Section        0  main.o(i.err_handler)
    i.extrme_stop                            0x080032ec   Section        0  main.o(i.extrme_stop)
    i.main                                   0x08003344   Section        0  main.o(i.main)
    i.process_pump                           0x08003388   Section        0  main.o(i.process_pump)
    i.take_klapan                            0x080036fc   Section        0  main.o(i.take_klapan)
    i.zero_down_system                       0x08003888   Section        0  main.o(i.zero_down_system)
    i.zero_params                            0x0800393c   Section        0  main.o(i.zero_params)
    i.zeroing                                0x08003968   Section        0  main.o(i.zeroing)
    .constdata                               0x080039fc   Section       16  main.o(.constdata)
    getTempPrsCommandensor1                  0x080039fc   Data           8  main.o(.constdata)
    getTempPrsCommandSensor2                 0x08003a04   Data           8  main.o(.constdata)
    .constdata                               0x08003a0c   Section       24  system_stm32f1xx.o(.constdata)
    .data                                    0x20000000   Section       77  main.o(.data)
    .data                                    0x20000050   Section        4  system_stm32f1xx.o(.data)
    .data                                    0x20000054   Section        9  stm32f1xx_hal.o(.data)
    .bss                                     0x20000060   Section      330  main.o(.bss)
    STACK                                    0x200001b0   Section     1024  startup_stm32f103xb.o(STACK)

    Global Symbols

    Symbol Name                              Value     Ov Type        Size  Object(Section)

    BuildAttributes$$THM_ISAv4$P$D$K$B$S$PE$A:L22UL41UL21$X:L11$S22US41US21$IEEE1$IW$USESV6$~STKCKD$USESV7$~SHL$OSPACE$ROPI$EBA8$MICROLIB$REQ8$PRES8$EABIv2 0x00000000   Number         0  anon$$obj.o ABSOLUTE
    __ARM_use_no_argv                        0x00000000   Number         0  main.o ABSOLUTE
    _printf_a                                0x00000000   Number         0  stubs.o ABSOLUTE
    _printf_c                                0x00000000   Number         0  stubs.o ABSOLUTE
    _printf_charcount                        0x00000000   Number         0  stubs.o ABSOLUTE
    _printf_d                                0x00000000   Number         0  stubs.o ABSOLUTE
    _printf_e                                0x00000000   Number         0  stubs.o ABSOLUTE
    _printf_f                                0x00000000   Number         0  stubs.o ABSOLUTE
    _printf_flags                            0x00000000   Number         0  stubs.o ABSOLUTE
    _printf_fp_dec                           0x00000000   Number         0  stubs.o ABSOLUTE
    _printf_fp_hex                           0x00000000   Number         0  stubs.o ABSOLUTE
    _printf_g                                0x00000000   Number         0  stubs.o ABSOLUTE
    _printf_i                                0x00000000   Number         0  stubs.o ABSOLUTE
    _printf_int_dec                          0x00000000   Number         0  stubs.o ABSOLUTE
    _printf_l                                0x00000000   Number         0  stubs.o ABSOLUTE
    _printf_lc                               0x00000000   Number         0  stubs.o ABSOLUTE
    _printf_ll                               0x00000000   Number         0  stubs.o ABSOLUTE
    _printf_lld                              0x00000000   Number         0  stubs.o ABSOLUTE
    _printf_lli                              0x00000000   Number         0  stubs.o ABSOLUTE
    _printf_llo                              0x00000000   Number         0  stubs.o ABSOLUTE
    _printf_llu                              0x00000000   Number         0  stubs.o ABSOLUTE
    _printf_llx                              0x00000000   Number         0  stubs.o ABSOLUTE
    _printf_longlong_dec                     0x00000000   Number         0  stubs.o ABSOLUTE
    _printf_longlong_hex                     0x00000000   Number         0  stubs.o ABSOLUTE
    _printf_longlong_oct                     0x00000000   Number         0  stubs.o ABSOLUTE
    _printf_ls                               0x00000000   Number         0  stubs.o ABSOLUTE
    _printf_mbtowc                           0x00000000   Number         0  stubs.o ABSOLUTE
    _printf_n                                0x00000000   Number         0  stubs.o ABSOLUTE
    _printf_o                                0x00000000   Number         0  stubs.o ABSOLUTE
    _printf_p                                0x00000000   Number         0  stubs.o ABSOLUTE
    _printf_percent                          0x00000000   Number         0  stubs.o ABSOLUTE
    _printf_pre_padding                      0x00000000   Number         0  stubs.o ABSOLUTE
    _printf_return_value                     0x00000000   Number         0  stubs.o ABSOLUTE
    _printf_s                                0x00000000   Number         0  stubs.o ABSOLUTE
    _printf_sizespec                         0x00000000   Number         0  stubs.o ABSOLUTE
    _printf_str                              0x00000000   Number         0  stubs.o ABSOLUTE
    _printf_truncate_signed                  0x00000000   Number         0  stubs.o ABSOLUTE
    _printf_truncate_unsigned                0x00000000   Number         0  stubs.o ABSOLUTE
    _printf_u                                0x00000000   Number         0  stubs.o ABSOLUTE
    _printf_wc                               0x00000000   Number         0  stubs.o ABSOLUTE
    _printf_wctomb                           0x00000000   Number         0  stubs.o ABSOLUTE
    _printf_widthprec                        0x00000000   Number         0  stubs.o ABSOLUTE
    _printf_x                                0x00000000   Number         0  stubs.o ABSOLUTE
    __cpp_initialize__aeabi_                  - Undefined Weak Reference
    __cxa_finalize                            - Undefined Weak Reference
    __decompress                              - Undefined Weak Reference
    _clock_init                               - Undefined Weak Reference
    _microlib_exit                            - Undefined Weak Reference
    __Vectors_Size                           0x000000ec   Number         0  startup_stm32f103xb.o ABSOLUTE
    __Vectors                                0x08000000   Data           4  startup_stm32f103xb.o(RESET)
    __Vectors_End                            0x080000ec   Data           0  startup_stm32f103xb.o(RESET)
    __main                                   0x080000ed   Thumb Code     0  entry.o(.ARM.Collect$$$$00000000)
    _main_stk                                0x080000ed   Thumb Code     0  entry2.o(.ARM.Collect$$$$00000001)
    _main_scatterload                        0x080000f1   Thumb Code     0  entry5.o(.ARM.Collect$$$$00000004)
    __main_after_scatterload                 0x080000f5   Thumb Code     0  entry5.o(.ARM.Collect$$$$00000004)
    _main_clock                              0x080000f5   Thumb Code     0  entry7b.o(.ARM.Collect$$$$00000008)
    _main_cpp_init                           0x080000f5   Thumb Code     0  entry8b.o(.ARM.Collect$$$$0000000A)
    _main_init                               0x080000f5   Thumb Code     0  entry9a.o(.ARM.Collect$$$$0000000B)
    __rt_final_cpp                           0x080000fd   Thumb Code     0  entry10a.o(.ARM.Collect$$$$0000000D)
    __rt_final_exit                          0x080000fd   Thumb Code     0  entry11a.o(.ARM.Collect$$$$0000000F)
    Reset_Handler                            0x08000101   Thumb Code     8  startup_stm32f103xb.o(.text)
    ADC1_2_IRQHandler                        0x0800011b   Thumb Code     0  startup_stm32f103xb.o(.text)
    CAN1_RX1_IRQHandler                      0x0800011b   Thumb Code     0  startup_stm32f103xb.o(.text)
    CAN1_SCE_IRQHandler                      0x0800011b   Thumb Code     0  startup_stm32f103xb.o(.text)
    DMA1_Channel1_IRQHandler                 0x0800011b   Thumb Code     0  startup_stm32f103xb.o(.text)
    DMA1_Channel2_IRQHandler                 0x0800011b   Thumb Code     0  startup_stm32f103xb.o(.text)
    DMA1_Channel3_IRQHandler                 0x0800011b   Thumb Code     0  startup_stm32f103xb.o(.text)
    DMA1_Channel4_IRQHandler                 0x0800011b   Thumb Code     0  startup_stm32f103xb.o(.text)
    DMA1_Channel5_IRQHandler                 0x0800011b   Thumb Code     0  startup_stm32f103xb.o(.text)
    DMA1_Channel6_IRQHandler                 0x0800011b   Thumb Code     0  startup_stm32f103xb.o(.text)
    DMA1_Channel7_IRQHandler                 0x0800011b   Thumb Code     0  startup_stm32f103xb.o(.text)
    EXTI0_IRQHandler                         0x0800011b   Thumb Code     0  startup_stm32f103xb.o(.text)
    EXTI15_10_IRQHandler                     0x0800011b   Thumb Code     0  startup_stm32f103xb.o(.text)
    EXTI1_IRQHandler                         0x0800011b   Thumb Code     0  startup_stm32f103xb.o(.text)
    EXTI2_IRQHandler                         0x0800011b   Thumb Code     0  startup_stm32f103xb.o(.text)
    EXTI3_IRQHandler                         0x0800011b   Thumb Code     0  startup_stm32f103xb.o(.text)
    EXTI4_IRQHandler                         0x0800011b   Thumb Code     0  startup_stm32f103xb.o(.text)
    EXTI9_5_IRQHandler                       0x0800011b   Thumb Code     0  startup_stm32f103xb.o(.text)
    FLASH_IRQHandler                         0x0800011b   Thumb Code     0  startup_stm32f103xb.o(.text)
    I2C1_ER_IRQHandler                       0x0800011b   Thumb Code     0  startup_stm32f103xb.o(.text)
    I2C1_EV_IRQHandler                       0x0800011b   Thumb Code     0  startup_stm32f103xb.o(.text)
    I2C2_ER_IRQHandler                       0x0800011b   Thumb Code     0  startup_stm32f103xb.o(.text)
    I2C2_EV_IRQHandler                       0x0800011b   Thumb Code     0  startup_stm32f103xb.o(.text)
    PVD_IRQHandler                           0x0800011b   Thumb Code     0  startup_stm32f103xb.o(.text)
    RCC_IRQHandler                           0x0800011b   Thumb Code     0  startup_stm32f103xb.o(.text)
    RTC_Alarm_IRQHandler                     0x0800011b   Thumb Code     0  startup_stm32f103xb.o(.text)
    RTC_IRQHandler                           0x0800011b   Thumb Code     0  startup_stm32f103xb.o(.text)
    SPI1_IRQHandler                          0x0800011b   Thumb Code     0  startup_stm32f103xb.o(.text)
    SPI2_IRQHandler                          0x0800011b   Thumb Code     0  startup_stm32f103xb.o(.text)
    TAMPER_IRQHandler                        0x0800011b   Thumb Code     0  startup_stm32f103xb.o(.text)
    TIM1_BRK_IRQHandler                      0x0800011b   Thumb Code     0  startup_stm32f103xb.o(.text)
    TIM1_CC_IRQHandler                       0x0800011b   Thumb Code     0  startup_stm32f103xb.o(.text)
    TIM1_TRG_COM_IRQHandler                  0x0800011b   Thumb Code     0  startup_stm32f103xb.o(.text)
    TIM2_IRQHandler                          0x0800011b   Thumb Code     0  startup_stm32f103xb.o(.text)
    TIM3_IRQHandler                          0x0800011b   Thumb Code     0  startup_stm32f103xb.o(.text)
    TIM4_IRQHandler                          0x0800011b   Thumb Code     0  startup_stm32f103xb.o(.text)
    USART2_IRQHandler                        0x0800011b   Thumb Code     0  startup_stm32f103xb.o(.text)
    USBWakeUp_IRQHandler                     0x0800011b   Thumb Code     0  startup_stm32f103xb.o(.text)
    USB_HP_CAN1_TX_IRQHandler                0x0800011b   Thumb Code     0  startup_stm32f103xb.o(.text)
    USB_LP_CAN1_RX0_IRQHandler               0x0800011b   Thumb Code     0  startup_stm32f103xb.o(.text)
    WWDG_IRQHandler                          0x0800011b   Thumb Code     0  startup_stm32f103xb.o(.text)
    __aeabi_llsr                             0x08000125   Thumb Code    32  llushr.o(.text)
    _ll_ushift_r                             0x08000125   Thumb Code     0  llushr.o(.text)
    strlen                                   0x08000145   Thumb Code    14  strlen.o(.text)
    __aeabi_dmul                             0x08000153   Thumb Code   228  dmul.o(.text)
    __aeabi_ddiv                             0x08000237   Thumb Code   222  ddiv.o(.text)
    __aeabi_ui2d                             0x08000315   Thumb Code    26  dfltui.o(.text)
    __aeabi_uidiv                            0x0800032f   Thumb Code     0  uidiv.o(.text)
    __aeabi_uidivmod                         0x0800032f   Thumb Code    44  uidiv.o(.text)
    __aeabi_uldivmod                         0x0800035b   Thumb Code    98  uldiv.o(.text)
    __I$use$fp                               0x080003bd   Thumb Code     0  iusefp.o(.text)
    _double_round                            0x080003bd   Thumb Code    30  depilogue.o(.text)
    _double_epilogue                         0x080003db   Thumb Code   156  depilogue.o(.text)
    __aeabi_dadd                             0x08000477   Thumb Code   322  dadd.o(.text)
    __aeabi_dsub                             0x080005b9   Thumb Code     6  dadd.o(.text)
    __aeabi_drsub                            0x080005bf   Thumb Code     6  dadd.o(.text)
    __aeabi_d2ulz                            0x080005c5   Thumb Code    48  dfixul.o(.text)
    __aeabi_cdrcmple                         0x080005f5   Thumb Code    48  cdrcmple.o(.text)
    __scatterload                            0x08000625   Thumb Code    28  init.o(.text)
    __scatterload_rt2                        0x08000625   Thumb Code     0  init.o(.text)
    __aeabi_llsl                             0x08000649   Thumb Code    30  llshl.o(.text)
    _ll_shift_l                              0x08000649   Thumb Code     0  llshl.o(.text)
    __aeabi_lasr                             0x08000667   Thumb Code    36  llsshr.o(.text)
    _ll_sshift_r                             0x08000667   Thumb Code     0  llsshr.o(.text)
    BusFault_Handler                         0x0800068b   Thumb Code     4  stm32f1xx_it.o(i.BusFault_Handler)
    DebugMon_Handler                         0x0800068f   Thumb Code     2  stm32f1xx_it.o(i.DebugMon_Handler)
    HAL_DMA_Abort_IT                         0x08000691   Thumb Code   172  stm32f1xx_hal_dma.o(i.HAL_DMA_Abort_IT)
    HAL_Delay                                0x08000741   Thumb Code    36  stm32f1xx_hal.o(i.HAL_Delay)
    HAL_GPIO_Init                            0x08000769   Thumb Code   764  stm32f1xx_hal_gpio.o(i.HAL_GPIO_Init)
    HAL_GPIO_WritePin                        0x08000a85   Thumb Code    12  stm32f1xx_hal_gpio.o(i.HAL_GPIO_WritePin)
    HAL_GetTick                              0x08000a91   Thumb Code     6  stm32f1xx_hal.o(i.HAL_GetTick)
    HAL_IncTick                              0x08000a9d   Thumb Code    16  stm32f1xx_hal.o(i.HAL_IncTick)
    HAL_Init                                 0x08000ab5   Thumb Code    34  stm32f1xx_hal.o(i.HAL_Init)
    HAL_InitTick                             0x08000add   Thumb Code    64  stm32f1xx_hal.o(i.HAL_InitTick)
    HAL_MspInit                              0x08000b29   Thumb Code   158  stm32f1xx_hal_msp.o(i.HAL_MspInit)
    HAL_NVIC_EnableIRQ                       0x08000bd1   Thumb Code    26  stm32f1xx_hal_cortex.o(i.HAL_NVIC_EnableIRQ)
    HAL_NVIC_SetPriority                     0x08000beb   Thumb Code   124  stm32f1xx_hal_cortex.o(i.HAL_NVIC_SetPriority)
    HAL_NVIC_SetPriorityGrouping             0x08000c69   Thumb Code    32  stm32f1xx_hal_cortex.o(i.HAL_NVIC_SetPriorityGrouping)
    HAL_RCC_ClockConfig                      0x08000c91   Thumb Code   402  stm32f1xx_hal_rcc.o(i.HAL_RCC_ClockConfig)
    HAL_RCC_GetHCLKFreq                      0x08000e35   Thumb Code     6  stm32f1xx_hal_rcc.o(i.HAL_RCC_GetHCLKFreq)
    HAL_RCC_GetPCLK1Freq                     0x08000e41   Thumb Code    22  stm32f1xx_hal_rcc.o(i.HAL_RCC_GetPCLK1Freq)
    HAL_RCC_GetPCLK2Freq                     0x08000e61   Thumb Code    22  stm32f1xx_hal_rcc.o(i.HAL_RCC_GetPCLK2Freq)
    HAL_RCC_GetSysClockFreq                  0x08000e81   Thumb Code   116  stm32f1xx_hal_rcc.o(i.HAL_RCC_GetSysClockFreq)
    HAL_RCC_OscConfig                        0x08000f15   Thumb Code  1078  stm32f1xx_hal_rcc.o(i.HAL_RCC_OscConfig)
    HAL_SYSTICK_CLKSourceConfig              0x08001355   Thumb Code    40  stm32f1xx_hal_cortex.o(i.HAL_SYSTICK_CLKSourceConfig)
    HAL_SYSTICK_Callback                     0x0800137d   Thumb Code     2  stm32f1xx_hal_cortex.o(i.HAL_SYSTICK_Callback)
    HAL_SYSTICK_Config                       0x0800137f   Thumb Code    52  stm32f1xx_hal_cortex.o(i.HAL_SYSTICK_Config)
    HAL_SYSTICK_IRQHandler                   0x080013b3   Thumb Code     8  stm32f1xx_hal_cortex.o(i.HAL_SYSTICK_IRQHandler)
    HAL_TIMEx_BreakCallback                  0x080013bb   Thumb Code     2  stm32f1xx_hal_tim_ex.o(i.HAL_TIMEx_BreakCallback)
    HAL_TIMEx_CommutationCallback            0x080013bd   Thumb Code     2  stm32f1xx_hal_tim_ex.o(i.HAL_TIMEx_CommutationCallback)
    HAL_TIMEx_MasterConfigSynchronization    0x080013bf   Thumb Code    98  stm32f1xx_hal_tim_ex.o(i.HAL_TIMEx_MasterConfigSynchronization)
    HAL_TIM_Base_Init                        0x08001421   Thumb Code    52  stm32f1xx_hal_tim.o(i.HAL_TIM_Base_Init)
    HAL_TIM_Base_MspInit                     0x08001455   Thumb Code    58  stm32f1xx_hal_msp.o(i.HAL_TIM_Base_MspInit)
    HAL_TIM_Base_Start_IT                    0x08001499   Thumb Code    30  stm32f1xx_hal_tim.o(i.HAL_TIM_Base_Start_IT)
    HAL_TIM_ConfigClockSource                0x080014b7   Thumb Code   306  stm32f1xx_hal_tim.o(i.HAL_TIM_ConfigClockSource)
    HAL_TIM_IC_CaptureCallback               0x080015e9   Thumb Code     2  stm32f1xx_hal_tim.o(i.HAL_TIM_IC_CaptureCallback)
    HAL_TIM_IRQHandler                       0x080015eb   Thumb Code   406  stm32f1xx_hal_tim.o(i.HAL_TIM_IRQHandler)
    HAL_TIM_OC_DelayElapsedCallback          0x08001781   Thumb Code     2  stm32f1xx_hal_tim.o(i.HAL_TIM_OC_DelayElapsedCallback)
    HAL_TIM_PWM_PulseFinishedCallback        0x08001783   Thumb Code     2  stm32f1xx_hal_tim.o(i.HAL_TIM_PWM_PulseFinishedCallback)
    HAL_TIM_PeriodElapsedCallback            0x08001785   Thumb Code     2  stm32f1xx_hal_tim.o(i.HAL_TIM_PeriodElapsedCallback)
    HAL_TIM_TriggerCallback                  0x08001787   Thumb Code     2  stm32f1xx_hal_tim.o(i.HAL_TIM_TriggerCallback)
    HAL_UART_ErrorCallback                   0x08001789   Thumb Code     2  stm32f1xx_hal_uart.o(i.HAL_UART_ErrorCallback)
    HAL_UART_IRQHandler                      0x0800178d   Thumb Code   326  stm32f1xx_hal_uart.o(i.HAL_UART_IRQHandler)
    HAL_UART_Init                            0x080018d9   Thumb Code   114  stm32f1xx_hal_uart.o(i.HAL_UART_Init)
    HAL_UART_MspInit                         0x0800194d   Thumb Code   196  stm32f1xx_hal_msp.o(i.HAL_UART_MspInit)
    HAL_UART_Receive                         0x08001a25   Thumb Code   222  stm32f1xx_hal_uart.o(i.HAL_UART_Receive)
    HAL_UART_Receive_IT                      0x08001b03   Thumb Code   112  stm32f1xx_hal_uart.o(i.HAL_UART_Receive_IT)
    HAL_UART_RxCpltCallback                  0x08001b73   Thumb Code     2  stm32f1xx_it.o(i.HAL_UART_RxCpltCallback)
    HAL_UART_Transmit                        0x08001b75   Thumb Code   214  stm32f1xx_hal_uart.o(i.HAL_UART_Transmit)
    HAL_UART_TxCpltCallback                  0x08001c4b   Thumb Code     2  stm32f1xx_it.o(i.HAL_UART_TxCpltCallback)
    HardFault_Handler                        0x08001c4d   Thumb Code     4  stm32f1xx_it.o(i.HardFault_Handler)
    Init_klapans                             0x08001c51   Thumb Code   136  main.o(i.Init_klapans)
    MATH_Go_to_ESP                           0x08001ce9   Thumb Code   220  main.o(i.MATH_Go_to_ESP)
    MemManage_Handler                        0x08001fed   Thumb Code     4  stm32f1xx_it.o(i.MemManage_Handler)
    NMI_Handler                              0x08001ff1   Thumb Code     2  stm32f1xx_it.o(i.NMI_Handler)
    Parser                                   0x0800202d   Thumb Code   156  main.o(i.Parser)
    PendSV_Handler                           0x080020e1   Thumb Code     2  stm32f1xx_it.o(i.PendSV_Handler)
    SVC_Handler                              0x0800210d   Thumb Code     2  stm32f1xx_it.o(i.SVC_Handler)
    SysTick_Handler                          0x0800210f   Thumb Code    12  stm32f1xx_it.o(i.SysTick_Handler)
    SystemClock_Config                       0x0800211d   Thumb Code   128  main.o(i.SystemClock_Config)
    SystemInit                               0x080021ad   Thumb Code    70  system_stm32f1xx.o(i.SystemInit)
    TIM1_UP_IRQHandler                       0x08002205   Thumb Code    10  stm32f1xx_it.o(i.TIM1_UP_IRQHandler)
    TIM_Base_SetConfig                       0x08002215   Thumb Code   102  stm32f1xx_hal_tim.o(i.TIM_Base_SetConfig)
    Timing_main                              0x0800230d   Thumb Code    36  main.o(i.Timing_main)
    Transmitting                             0x08002339   Thumb Code   224  main.o(i.Transmitting)
    USART1_IRQHandler                        0x080027dd   Thumb Code    10  stm32f1xx_it.o(i.USART1_IRQHandler)
    USART3_IRQHandler                        0x080027ed   Thumb Code    48  stm32f1xx_it.o(i.USART3_IRQHandler)
    UsageFault_Handler                       0x08002829   Thumb Code     4  stm32f1xx_it.o(i.UsageFault_Handler)
    _Error_Handler                           0x0800282d   Thumb Code     4  main.o(i._Error_Handler)
    __0sprintf                               0x08002831   Thumb Code    34  printfa.o(i.__0sprintf)
    __1sprintf                               0x08002831   Thumb Code     0  printfa.o(i.__0sprintf)
    __2sprintf                               0x08002831   Thumb Code     0  printfa.o(i.__0sprintf)
    __c89sprintf                             0x08002831   Thumb Code     0  printfa.o(i.__0sprintf)
    sprintf                                  0x08002831   Thumb Code     0  printfa.o(i.__0sprintf)
    __scatterload_copy                       0x08002859   Thumb Code    14  handlers.o(i.__scatterload_copy)
    __scatterload_null                       0x08002867   Thumb Code     2  handlers.o(i.__scatterload_null)
    __scatterload_zeroinit                   0x08002869   Thumb Code    14  handlers.o(i.__scatterload_zeroinit)
    all_zeroes                               0x08003135   Thumb Code   166  main.o(i.all_zeroes)
    blowing                                  0x080031f9   Thumb Code   204  main.o(i.blowing)
    err_handler                              0x080032e9   Thumb Code     2  main.o(i.err_handler)
    extrme_stop                              0x080032ed   Thumb Code    38  main.o(i.extrme_stop)
    main                                     0x08003345   Thumb Code    56  main.o(i.main)
    process_pump                             0x08003389   Thumb Code   828  main.o(i.process_pump)
    take_klapan                              0x080036fd   Thumb Code   378  main.o(i.take_klapan)
    zero_down_system                         0x08003889   Thumb Code   142  main.o(i.zero_down_system)
    zero_params                              0x0800393d   Thumb Code    42  main.o(i.zero_params)
    zeroing                                  0x08003969   Thumb Code   126  main.o(i.zeroing)
    AHBPrescTable                            0x08003a0c   Data          16  system_stm32f1xx.o(.constdata)
    APBPrescTable                            0x08003a1c   Data           8  system_stm32f1xx.o(.constdata)
    Region$$Table$$Base                      0x08003a24   Number         0  anon$$obj.o(Region$$Table)
    Region$$Table$$Limit                     0x08003a44   Number         0  anon$$obj.o(Region$$Table)
    temperature1                             0x20000000   Data           8  main.o(.data)
    temperature2                             0x20000008   Data           8  main.o(.data)
    presuare1                                0x20000010   Data           8  main.o(.data)
    presuare2                                0x20000018   Data           8  main.o(.data)
    UpPres1                                  0x20000020   Data           4  main.o(.data)
    UpPres2                                  0x20000024   Data           4  main.o(.data)
    Klapan                                   0x20000028   Data           2  main.o(.data)
    press_limit                              0x2000002c   Data           4  main.o(.data)
    stage_of_process                         0x20000030   Data           1  main.o(.data)
    step_of_blow                             0x20000031   Data           1  main.o(.data)
    state                                    0x20000032   Data           1  main.o(.data)
    Time_pump                                0x20000034   Data           4  main.o(.data)
    Time_speak                               0x20000038   Data           4  main.o(.data)
    temp2                                    0x2000003c   Data           2  main.o(.data)
    temp1                                    0x2000003e   Data           2  main.o(.data)
    pres1                                    0x20000040   Data           2  main.o(.data)
    pres2                                    0x20000042   Data           2  main.o(.data)
    ch                                       0x20000044   Data           1  main.o(.data)
    hui                                      0x20000045   Data           1  main.o(.data)
    h                                        0x20000048   Data           4  main.o(.data)
    chet                                     0x2000004c   Data           1  main.o(.data)
    SystemCoreClock                          0x20000050   Data           4  system_stm32f1xx.o(.data)
    uwTick                                   0x20000054   Data           4  stm32f1xx_hal.o(.data)
    uwTickPrio                               0x20000058   Data           4  stm32f1xx_hal.o(.data)
    uwTickFreq                               0x2000005c   Data           1  stm32f1xx_hal.o(.data)
    htim1                                    0x20000060   Data          64  main.o(.bss)
    huart1                                   0x200000a0   Data          64  main.o(.bss)
    huart3                                   0x200000e0   Data          64  main.o(.bss)
    message_to_esp                           0x20000120   Data         100  main.o(.bss)
    firstSensorTempPrs                       0x20000184   Data           9  main.o(.bss)
    secondSensorTempPrs                      0x2000018d   Data           9  main.o(.bss)
    command_from_host                        0x20000196   Data          10  main.o(.bss)
    command_from_host_now                    0x200001a0   Data          10  main.o(.bss)
    __initial_sp                             0x200005b0   Data           0  startup_stm32f103xb.o(STACK)



==============================================================================

Memory Map of the image

  Image Entry point : 0x080000ed

  Load Region LR_IROM1 (Base: 0x08000000, Size: 0x00003aa4, Max: 0x00020000, ABSOLUTE)

    Execution Region ER_IROM1 (Exec base: 0x08000000, Load base: 0x08000000, Size: 0x00003a44, Max: 0x00020000, ABSOLUTE)

    Exec Addr    Load Addr    Size         Type   Attr      Idx    E Section Name        Object

    0x08000000   0x08000000   0x000000ec   Data   RO            3    RESET               startup_stm32f103xb.o
    0x080000ec   0x080000ec   0x00000000   Code   RO         2631  * .ARM.Collect$$$$00000000  mc_w.l(entry.o)
    0x080000ec   0x080000ec   0x00000004   Code   RO         2905    .ARM.Collect$$$$00000001  mc_w.l(entry2.o)
    0x080000f0   0x080000f0   0x00000004   Code   RO         2908    .ARM.Collect$$$$00000004  mc_w.l(entry5.o)
    0x080000f4   0x080000f4   0x00000000   Code   RO         2910    .ARM.Collect$$$$00000008  mc_w.l(entry7b.o)
    0x080000f4   0x080000f4   0x00000000   Code   RO         2912    .ARM.Collect$$$$0000000A  mc_w.l(entry8b.o)
    0x080000f4   0x080000f4   0x00000008   Code   RO         2913    .ARM.Collect$$$$0000000B  mc_w.l(entry9a.o)
    0x080000fc   0x080000fc   0x00000000   Code   RO         2915    .ARM.Collect$$$$0000000D  mc_w.l(entry10a.o)
    0x080000fc   0x080000fc   0x00000000   Code   RO         2917    .ARM.Collect$$$$0000000F  mc_w.l(entry11a.o)
    0x080000fc   0x080000fc   0x00000004   Code   RO         2906    .ARM.Collect$$$$00002712  mc_w.l(entry2.o)
    0x08000100   0x08000100   0x00000024   Code   RO            4    .text               startup_stm32f103xb.o
    0x08000124   0x08000124   0x00000020   Code   RO         2634    .text               mc_w.l(llushr.o)
    0x08000144   0x08000144   0x0000000e   Code   RO         2636    .text               mc_w.l(strlen.o)
    0x08000152   0x08000152   0x000000e4   Code   RO         2899    .text               mf_w.l(dmul.o)
    0x08000236   0x08000236   0x000000de   Code   RO         2901    .text               mf_w.l(ddiv.o)
    0x08000314   0x08000314   0x0000001a   Code   RO         2903    .text               mf_w.l(dfltui.o)
    0x0800032e   0x0800032e   0x0000002c   Code   RO         2922    .text               mc_w.l(uidiv.o)
    0x0800035a   0x0800035a   0x00000062   Code   RO         2924    .text               mc_w.l(uldiv.o)
    0x080003bc   0x080003bc   0x00000000   Code   RO         2926    .text               mc_w.l(iusefp.o)
    0x080003bc   0x080003bc   0x000000ba   Code   RO         2927    .text               mf_w.l(depilogue.o)
    0x08000476   0x08000476   0x0000014e   Code   RO         2929    .text               mf_w.l(dadd.o)
    0x080005c4   0x080005c4   0x00000030   Code   RO         2931    .text               mf_w.l(dfixul.o)
    0x080005f4   0x080005f4   0x00000030   Code   RO         2933    .text               mf_w.l(cdrcmple.o)
    0x08000624   0x08000624   0x00000024   Code   RO         2935    .text               mc_w.l(init.o)
    0x08000648   0x08000648   0x0000001e   Code   RO         2938    .text               mc_w.l(llshl.o)
    0x08000666   0x08000666   0x00000024   Code   RO         2940    .text               mc_w.l(llsshr.o)
    0x0800068a   0x0800068a   0x00000004   Code   RO          258    i.BusFault_Handler  stm32f1xx_it.o
    0x0800068e   0x0800068e   0x00000002   Code   RO          259    i.DebugMon_Handler  stm32f1xx_it.o
    0x08000690   0x08000690   0x000000b0   Code   RO         2085    i.HAL_DMA_Abort_IT  stm32f1xx_hal_dma.o
    0x08000740   0x08000740   0x00000028   Code   RO         1722    i.HAL_Delay         stm32f1xx_hal.o
    0x08000768   0x08000768   0x0000031c   Code   RO         2020    i.HAL_GPIO_Init     stm32f1xx_hal_gpio.o
    0x08000a84   0x08000a84   0x0000000c   Code   RO         2024    i.HAL_GPIO_WritePin  stm32f1xx_hal_gpio.o
    0x08000a90   0x08000a90   0x0000000c   Code   RO         1726    i.HAL_GetTick       stm32f1xx_hal.o
    0x08000a9c   0x08000a9c   0x00000018   Code   RO         1730    i.HAL_IncTick       stm32f1xx_hal.o
    0x08000ab4   0x08000ab4   0x00000028   Code   RO         1731    i.HAL_Init          stm32f1xx_hal.o
    0x08000adc   0x08000adc   0x0000004c   Code   RO         1732    i.HAL_InitTick      stm32f1xx_hal.o
    0x08000b28   0x08000b28   0x000000a8   Code   RO          368    i.HAL_MspInit       stm32f1xx_hal_msp.o
    0x08000bd0   0x08000bd0   0x0000001a   Code   RO         2180    i.HAL_NVIC_EnableIRQ  stm32f1xx_hal_cortex.o
    0x08000bea   0x08000bea   0x0000007c   Code   RO         2186    i.HAL_NVIC_SetPriority  stm32f1xx_hal_cortex.o
    0x08000c66   0x08000c66   0x00000002   PAD
    0x08000c68   0x08000c68   0x00000028   Code   RO         2187    i.HAL_NVIC_SetPriorityGrouping  stm32f1xx_hal_cortex.o
    0x08000c90   0x08000c90   0x000001a4   Code   RO         1875    i.HAL_RCC_ClockConfig  stm32f1xx_hal_rcc.o
    0x08000e34   0x08000e34   0x0000000c   Code   RO         1880    i.HAL_RCC_GetHCLKFreq  stm32f1xx_hal_rcc.o
    0x08000e40   0x08000e40   0x00000020   Code   RO         1882    i.HAL_RCC_GetPCLK1Freq  stm32f1xx_hal_rcc.o
    0x08000e60   0x08000e60   0x00000020   Code   RO         1883    i.HAL_RCC_GetPCLK2Freq  stm32f1xx_hal_rcc.o
    0x08000e80   0x08000e80   0x00000094   Code   RO         1884    i.HAL_RCC_GetSysClockFreq  stm32f1xx_hal_rcc.o
    0x08000f14   0x08000f14   0x00000440   Code   RO         1887    i.HAL_RCC_OscConfig  stm32f1xx_hal_rcc.o
    0x08001354   0x08001354   0x00000028   Code   RO         2189    i.HAL_SYSTICK_CLKSourceConfig  stm32f1xx_hal_cortex.o
    0x0800137c   0x0800137c   0x00000002   Code   RO         2190    i.HAL_SYSTICK_Callback  stm32f1xx_hal_cortex.o
    0x0800137e   0x0800137e   0x00000034   Code   RO         2191    i.HAL_SYSTICK_Config  stm32f1xx_hal_cortex.o
    0x080013b2   0x080013b2   0x00000008   Code   RO         2192    i.HAL_SYSTICK_IRQHandler  stm32f1xx_hal_cortex.o
    0x080013ba   0x080013ba   0x00000002   Code   RO         1151    i.HAL_TIMEx_BreakCallback  stm32f1xx_hal_tim_ex.o
    0x080013bc   0x080013bc   0x00000002   Code   RO         1152    i.HAL_TIMEx_CommutationCallback  stm32f1xx_hal_tim_ex.o
    0x080013be   0x080013be   0x00000062   Code   RO         1168    i.HAL_TIMEx_MasterConfigSynchronization  stm32f1xx_hal_tim_ex.o
    0x08001420   0x08001420   0x00000034   Code   RO          512    i.HAL_TIM_Base_Init  stm32f1xx_hal_tim.o
    0x08001454   0x08001454   0x00000044   Code   RO          370    i.HAL_TIM_Base_MspInit  stm32f1xx_hal_msp.o
    0x08001498   0x08001498   0x0000001e   Code   RO          517    i.HAL_TIM_Base_Start_IT  stm32f1xx_hal_tim.o
    0x080014b6   0x080014b6   0x00000132   Code   RO          521    i.HAL_TIM_ConfigClockSource  stm32f1xx_hal_tim.o
    0x080015e8   0x080015e8   0x00000002   Code   RO          541    i.HAL_TIM_IC_CaptureCallback  stm32f1xx_hal_tim.o
    0x080015ea   0x080015ea   0x00000196   Code   RO          554    i.HAL_TIM_IRQHandler  stm32f1xx_hal_tim.o
    0x08001780   0x08001780   0x00000002   Code   RO          557    i.HAL_TIM_OC_DelayElapsedCallback  stm32f1xx_hal_tim.o
    0x08001782   0x08001782   0x00000002   Code   RO          584    i.HAL_TIM_PWM_PulseFinishedCallback  stm32f1xx_hal_tim.o
    0x08001784   0x08001784   0x00000002   Code   RO          591    i.HAL_TIM_PeriodElapsedCallback  stm32f1xx_hal_tim.o
    0x08001786   0x08001786   0x00000002   Code   RO          595    i.HAL_TIM_TriggerCallback  stm32f1xx_hal_tim.o
    0x08001788   0x08001788   0x00000002   Code   RO         1405    i.HAL_UART_ErrorCallback  stm32f1xx_hal_uart.o
    0x0800178a   0x0800178a   0x00000002   PAD
    0x0800178c   0x0800178c   0x0000014c   Code   RO         1408    i.HAL_UART_IRQHandler  stm32f1xx_hal_uart.o
    0x080018d8   0x080018d8   0x00000072   Code   RO         1409    i.HAL_UART_Init     stm32f1xx_hal_uart.o
    0x0800194a   0x0800194a   0x00000002   PAD
    0x0800194c   0x0800194c   0x000000d8   Code   RO          372    i.HAL_UART_MspInit  stm32f1xx_hal_msp.o
    0x08001a24   0x08001a24   0x000000de   Code   RO         1412    i.HAL_UART_Receive  stm32f1xx_hal_uart.o
    0x08001b02   0x08001b02   0x00000070   Code   RO         1414    i.HAL_UART_Receive_IT  stm32f1xx_hal_uart.o
    0x08001b72   0x08001b72   0x00000002   Code   RO          260    i.HAL_UART_RxCpltCallback  stm32f1xx_it.o
    0x08001b74   0x08001b74   0x000000d6   Code   RO         1417    i.HAL_UART_Transmit  stm32f1xx_hal_uart.o
    0x08001c4a   0x08001c4a   0x00000002   Code   RO          261    i.HAL_UART_TxCpltCallback  stm32f1xx_it.o
    0x08001c4c   0x08001c4c   0x00000004   Code   RO          262    i.HardFault_Handler  stm32f1xx_it.o
    0x08001c50   0x08001c50   0x00000098   Code   RO           13    i.Init_klapans      main.o
    0x08001ce8   0x08001ce8   0x0000013c   Code   RO           14    i.MATH_Go_to_ESP    main.o
    0x08001e24   0x08001e24   0x000000a0   Code   RO           15    i.MX_GPIO_Init      main.o
    0x08001ec4   0x08001ec4   0x00000088   Code   RO           16    i.MX_TIM1_Init      main.o
    0x08001f4c   0x08001f4c   0x00000054   Code   RO           17    i.MX_USART1_UART_Init  main.o
    0x08001fa0   0x08001fa0   0x0000004c   Code   RO           18    i.MX_USART3_UART_Init  main.o
    0x08001fec   0x08001fec   0x00000004   Code   RO          263    i.MemManage_Handler  stm32f1xx_it.o
    0x08001ff0   0x08001ff0   0x00000002   Code   RO          264    i.NMI_Handler       stm32f1xx_it.o
    0x08001ff2   0x08001ff2   0x00000002   PAD
    0x08001ff4   0x08001ff4   0x00000010   Code   RO         2193    i.NVIC_GetPriorityGrouping  stm32f1xx_hal_cortex.o
    0x08002004   0x08002004   0x00000028   Code   RO         2194    i.NVIC_SetPriority  stm32f1xx_hal_cortex.o
    0x0800202c   0x0800202c   0x000000b4   Code   RO           19    i.Parser            main.o
    0x080020e0   0x080020e0   0x00000002   Code   RO          265    i.PendSV_Handler    stm32f1xx_it.o
    0x080020e2   0x080020e2   0x00000002   PAD
    0x080020e4   0x080020e4   0x00000028   Code   RO         1888    i.RCC_Delay         stm32f1xx_hal_rcc.o
    0x0800210c   0x0800210c   0x00000002   Code   RO          266    i.SVC_Handler       stm32f1xx_it.o
    0x0800210e   0x0800210e   0x0000000c   Code   RO          267    i.SysTick_Handler   stm32f1xx_it.o
    0x0800211a   0x0800211a   0x00000002   PAD
    0x0800211c   0x0800211c   0x00000090   Code   RO           20    i.SystemClock_Config  main.o
    0x080021ac   0x080021ac   0x00000058   Code   RO          417    i.SystemInit        system_stm32f1xx.o
    0x08002204   0x08002204   0x00000010   Code   RO          268    i.TIM1_UP_IRQHandler  stm32f1xx_it.o
    0x08002214   0x08002214   0x00000074   Code   RO          596    i.TIM_Base_SetConfig  stm32f1xx_hal_tim.o
    0x08002288   0x08002288   0x00000018   Code   RO          603    i.TIM_ETR_SetConfig  stm32f1xx_hal_tim.o
    0x080022a0   0x080022a0   0x00000014   Code   RO          604    i.TIM_ITRx_SetConfig  stm32f1xx_hal_tim.o
    0x080022b4   0x080022b4   0x0000002a   Code   RO          610    i.TIM_TI1_ConfigInputStage  stm32f1xx_hal_tim.o
    0x080022de   0x080022de   0x0000002c   Code   RO          612    i.TIM_TI2_ConfigInputStage  stm32f1xx_hal_tim.o
    0x0800230a   0x0800230a   0x00000002   PAD
    0x0800230c   0x0800230c   0x0000002c   Code   RO           21    i.Timing_main       main.o
    0x08002338   0x08002338   0x0000010c   Code   RO           22    i.Transmitting      main.o
    0x08002444   0x08002444   0x00000014   Code   RO         1422    i.UART_DMAAbortOnError  stm32f1xx_hal_uart.o
    0x08002458   0x08002458   0x00000020   Code   RO         1432    i.UART_EndRxTransfer  stm32f1xx_hal_uart.o
    0x08002478   0x08002478   0x00000020   Code   RO         1433    i.UART_EndTransmit_IT  stm32f1xx_hal_uart.o
    0x08002498   0x08002498   0x000000a6   Code   RO         1435    i.UART_Receive_IT   stm32f1xx_hal_uart.o
    0x0800253e   0x0800253e   0x00000002   PAD
    0x08002540   0x08002540   0x000001c8   Code   RO         1436    i.UART_SetConfig    stm32f1xx_hal_uart.o
    0x08002708   0x08002708   0x00000068   Code   RO         1437    i.UART_Transmit_IT  stm32f1xx_hal_uart.o
    0x08002770   0x08002770   0x0000006c   Code   RO         1438    i.UART_WaitOnFlagUntilTimeout  stm32f1xx_hal_uart.o
    0x080027dc   0x080027dc   0x00000010   Code   RO          269    i.USART1_IRQHandler  stm32f1xx_it.o
    0x080027ec   0x080027ec   0x0000003c   Code   RO          270    i.USART3_IRQHandler  stm32f1xx_it.o
    0x08002828   0x08002828   0x00000004   Code   RO          271    i.UsageFault_Handler  stm32f1xx_it.o
    0x0800282c   0x0800282c   0x00000004   Code   RO           23    i._Error_Handler    main.o
    0x08002830   0x08002830   0x00000028   Code   RO         2873    i.__0sprintf        mc_w.l(printfa.o)
    0x08002858   0x08002858   0x0000000e   Code   RO         2945    i.__scatterload_copy  mc_w.l(handlers.o)
    0x08002866   0x08002866   0x00000002   Code   RO         2946    i.__scatterload_null  mc_w.l(handlers.o)
    0x08002868   0x08002868   0x0000000e   Code   RO         2947    i.__scatterload_zeroinit  mc_w.l(handlers.o)
    0x08002876   0x08002876   0x00000002   PAD
    0x08002878   0x08002878   0x00000184   Code   RO         2878    i._fp_digits        mc_w.l(printfa.o)
    0x080029fc   0x080029fc   0x000006dc   Code   RO         2879    i._printf_core      mc_w.l(printfa.o)
    0x080030d8   0x080030d8   0x00000024   Code   RO         2880    i._printf_post_padding  mc_w.l(printfa.o)
    0x080030fc   0x080030fc   0x0000002e   Code   RO         2881    i._printf_pre_padding  mc_w.l(printfa.o)
    0x0800312a   0x0800312a   0x0000000a   Code   RO         2883    i._sputc            mc_w.l(printfa.o)
    0x08003134   0x08003134   0x000000c4   Code   RO           24    i.all_zeroes        main.o
    0x080031f8   0x080031f8   0x000000f0   Code   RO           25    i.blowing           main.o
    0x080032e8   0x080032e8   0x00000002   Code   RO           26    i.err_handler       main.o
    0x080032ea   0x080032ea   0x00000002   PAD
    0x080032ec   0x080032ec   0x00000058   Code   RO           27    i.extrme_stop       main.o
    0x08003344   0x08003344   0x00000044   Code   RO           28    i.main              main.o
    0x08003388   0x08003388   0x00000374   Code   RO           29    i.process_pump      main.o
    0x080036fc   0x080036fc   0x0000018c   Code   RO           31    i.take_klapan       main.o
    0x08003888   0x08003888   0x000000b4   Code   RO           33    i.zero_down_system  main.o
    0x0800393c   0x0800393c   0x0000002a   Code   RO           34    i.zero_params       main.o
    0x08003966   0x08003966   0x00000002   PAD
    0x08003968   0x08003968   0x00000094   Code   RO           35    i.zeroing           main.o
    0x080039fc   0x080039fc   0x00000010   Data   RO           37    .constdata          main.o
    0x08003a0c   0x08003a0c   0x00000018   Data   RO          418    .constdata          system_stm32f1xx.o
    0x08003a24   0x08003a24   0x00000020   Data   RO         2943    Region$$Table       anon$$obj.o


    Execution Region RW_IRAM1 (Exec base: 0x20000000, Load base: 0x08003a44, Size: 0x000005b0, Max: 0x00005000, ABSOLUTE)

    Exec Addr    Load Addr    Size         Type   Attr      Idx    E Section Name        Object

    0x20000000   0x08003a44   0x0000004d   Data   RW           38    .data               main.o
    0x2000004d   0x08003a91   0x00000003   PAD
    0x20000050   0x08003a94   0x00000004   Data   RW          419    .data               system_stm32f1xx.o
    0x20000054   0x08003a98   0x00000009   Data   RW         1738    .data               stm32f1xx_hal.o
    0x2000005d   0x08003aa1   0x00000003   PAD
    0x20000060        -       0x0000014a   Zero   RW           36    .bss                main.o
    0x200001aa   0x08003aa1   0x00000006   PAD
    0x200001b0        -       0x00000400   Zero   RW            1    STACK               startup_stm32f103xb.o


==============================================================================

Image component sizes


      Code (inc. data)   RO Data    RW Data    ZI Data      Debug   Object Name

      3808        562         16         77        330     449550   main.o
        36          8        236          0       1024        800   startup_stm32f103xb.o
       192         36          0          9          0       4301   stm32f1xx_hal.o
       348         22          0          0          0      28765   stm32f1xx_hal_cortex.o
       176          4          0          0          0       1291   stm32f1xx_hal_dma.o
       808         32          0          0          0       2924   stm32f1xx_hal_gpio.o
       452         40          0          0          0       2460   stm32f1xx_hal_msp.o
      1772        108          0          0          0       6540   stm32f1xx_hal_rcc.o
      1050         14          0          0          0      10663   stm32f1xx_hal_tim.o
       102          0          0          0          0       2586   stm32f1xx_hal_tim_ex.o
      1914         12          0          0          0      10896   stm32f1xx_hal_uart.o
       132         24          0          0          0       7285   stm32f1xx_it.o
        88         18         24          4          0       1323   system_stm32f1xx.o

    ----------------------------------------------------------------------
     10898        880        308         96       1360     529384   Object Totals
         0          0         32          0          0          0   (incl. Generated)
        20          0          0          6          6          0   (incl. Padding)

    ----------------------------------------------------------------------

      Code (inc. data)   RO Data    RW Data    ZI Data      Debug   Library Member Name

         0          0          0          0          0          0   entry.o
         0          0          0          0          0          0   entry10a.o
         0          0          0          0          0          0   entry11a.o
         8          4          0          0          0          0   entry2.o
         4          0          0          0          0          0   entry5.o
         0          0          0          0          0          0   entry7b.o
         0          0          0          0          0          0   entry8b.o
         8          4          0          0          0          0   entry9a.o
        30          0          0          0          0          0   handlers.o
        36          8          0          0          0         68   init.o
         0          0          0          0          0          0   iusefp.o
        30          0          0          0          0         68   llshl.o
        36          0          0          0          0         68   llsshr.o
        32          0          0          0          0         68   llushr.o
      2276         86          0          0          0        520   printfa.o
        14          0          0          0          0         68   strlen.o
        44          0          0          0          0         80   uidiv.o
        98          0          0          0          0         92   uldiv.o
        48          0          0          0          0         68   cdrcmple.o
       334          0          0          0          0        148   dadd.o
       222          0          0          0          0        100   ddiv.o
       186          0          0          0          0        176   depilogue.o
        48          0          0          0          0         68   dfixul.o
        26          0          0          0          0         76   dfltui.o
       228          0          0          0          0         96   dmul.o

    ----------------------------------------------------------------------
      3710        102          0          0          0       1764   Library Totals
         2          0          0          0          0          0   (incl. Padding)

    ----------------------------------------------------------------------

      Code (inc. data)   RO Data    RW Data    ZI Data      Debug   Library Name

      2616        102          0          0          0       1032   mc_w.l
      1092          0          0          0          0        732   mf_w.l

    ----------------------------------------------------------------------
      3710        102          0          0          0       1764   Library Totals

    ----------------------------------------------------------------------

==============================================================================


      Code (inc. data)   RO Data    RW Data    ZI Data      Debug   

     14608        982        308         96       1360     525788   Grand Totals
     14608        982        308         96       1360     525788   ELF Image Totals
     14608        982        308         96          0          0   ROM Totals

==============================================================================

    Total RO  Size (Code + RO Data)                14916 (  14.57kB)
    Total RW  Size (RW Data + ZI Data)              1456 (   1.42kB)
    Total ROM Size (Code + RO Data + RW Data)      15012 (  14.66kB)

==============================================================================

